2026-09-03 13:21:17,326 INFO  [org.jboss.modules] (main) JBoss Modules version 2.0.3.Final
2026-09-03 13:21:18,374 INFO  [org.jboss.msc] (main) JBoss MSC version 1.4.13.Final
2026-09-03 13:21:18,391 INFO  [org.jboss.threads] (main) JBoss Threads version 2.4.0.Final
2026-09-03 13:21:18,580 INFO  [org.jboss.as] (MSC service thread 1-3) WFLYSRV0049: WildFly Full 27.0.1.Final (WildFly Core 19.0.1.Final) starting
2026-09-03 13:21:18,583 DEBUG [org.jboss.as.config] (MSC service thread 1-3) Configured system properties:
	file.encoding = UTF-8
	file.separator = \
	java.awt.headless = true
	java.class.path = C:\Rayssoftware\DevOp\wildfly-27.0.1.Final\jboss-modules.jar
	java.class.version = 65.0
	java.home = C:\Program Files\Java\jdk-21.0.11
	java.io.tmpdir = C:\Users\AMEEN\AppData\Local\Temp\
	java.library.path = C:\Program Files\Java\jdk-21.0.11\bin;C:\Windows\Sun\Java\bin;C:\Windows\system32;C:\Windows;C:\Program Files\Java\jdk-21.0.11\bin;C:\Program Files\Git\cmd;C:\Windows\System32;C:\Windows;C:\Users\AMEEN\AppData\Local\Programs\DockerDesktop\resources\bin;C:\Users\AMEEN\AppData\Local\Programs\DockerDesktop\resources\bin;"C:\Program Files\Java\jdk-21.0.11\bin;C:\Program Files\Git\cmd;C:\Windows\System32;C:\Windows;C:\Users\AMEEN\AppData\Local\Programs\DockerDesktop\resources\bin;;C:\Program Files\Java\jdk-21.0.11\bin";C:\Users\AMEEN\AppData\Local\Programs\Microsoft VS Code\bin;C:\Windows\System32;C:\Windows;C:\Users\AMEEN\AppData\Local\Programs\mongosh\;.
	java.net.preferIPv4Stack = true
	java.runtime.name = Java(TM) SE Runtime Environment
	java.runtime.version = 21.0.11+9-LTS-211
	java.security.manager = allow
	java.specification.name = Java Platform API Specification
	java.specification.vendor = Oracle Corporation
	java.specification.version = 21
	java.util.logging.manager = org.jboss.logmanager.LogManager
	java.vendor = Oracle Corporation
	java.vendor.url = https://java.oracle.com/
	java.vendor.url.bug = https://bugreport.java.com/bugreport/
	java.version = 21.0.11
	java.version.date = 2026-04-21
	java.vm.compressedOopsMode = 32-bit
	java.vm.info = mixed mode, sharing
	java.vm.name = Java HotSpot(TM) 64-Bit Server VM
	java.vm.specification.name = Java Virtual Machine Specification
	java.vm.specification.vendor = Oracle Corporation
	java.vm.specification.version = 21
	java.vm.vendor = Oracle Corporation
	java.vm.version = 21.0.11+9-LTS-211
	javax.management.builder.initial = org.jboss.as.jmx.PluggableMBeanServerBuilder
	jboss.home.dir = C:\Rayssoftware\DevOp\wildfly-27.0.1.Final
	jboss.host.name = desktop-2gcr7a9
	jboss.modules.dir = C:\Rayssoftware\DevOp\wildfly-27.0.1.Final\modules
	jboss.modules.system.pkgs = org.jboss.byteman
	jboss.node.name = desktop-2gcr7a9
	jboss.qualified.host.name = desktop-2gcr7a9
	jboss.server.base.dir = C:\Rayssoftware\DevOp\wildfly-27.0.1.Final\standalone
	jboss.server.config.dir = C:\Rayssoftware\DevOp\wildfly-27.0.1.Final\standalone\configuration
	jboss.server.data.dir = C:\Rayssoftware\DevOp\wildfly-27.0.1.Final\standalone\data
	jboss.server.deploy.dir = C:\Rayssoftware\DevOp\wildfly-27.0.1.Final\standalone\data\content
	jboss.server.log.dir = C:\Rayssoftware\DevOp\wildfly-27.0.1.Final\standalone\log
	jboss.server.name = desktop-2gcr7a9
	jboss.server.persist.config = true
	jboss.server.temp.dir = C:\Rayssoftware\DevOp\wildfly-27.0.1.Final\standalone\tmp
	jdk.debug = release
	line.separator = 

	logging.configuration = file:C:\Rayssoftware\DevOp\wildfly-27.0.1.Final\standalone\configuration/logging.properties
	module.path = C:\Rayssoftware\DevOp\wildfly-27.0.1.Final\modules
	native.encoding = Cp1252
	org.jboss.boot.log.file = C:\Rayssoftware\DevOp\wildfly-27.0.1.Final\standalone\log\server.log
	org.jboss.resolver.warning = true
	os.arch = amd64
	os.name = Windows 10
	os.version = 10.0
	path.separator = ;
	program.name = standalone.bat
	stderr.encoding = cp437
	stdout.encoding = cp437
	sun.arch.data.model = 64
	sun.boot.library.path = C:\Program Files\Java\jdk-21.0.11\bin
	sun.cpu.endian = little
	sun.cpu.isalist = amd64
	sun.io.unicode.encoding = UnicodeLittle
	sun.java.command = C:\Rayssoftware\DevOp\wildfly-27.0.1.Final\jboss-modules.jar -mp C:\Rayssoftware\DevOp\wildfly-27.0.1.Final\modules org.jboss.as.standalone -Djboss.home.dir=C:\Rayssoftware\DevOp\wildfly-27.0.1.Final
	sun.java.launcher = SUN_STANDARD
	sun.jnu.encoding = Cp1252
	sun.management.compiler = HotSpot 64-Bit Tiered Compilers
	sun.os.patch.level = 
	user.country = IN
	user.dir = C:\Rayssoftware\DevOp\wildfly-27.0.1.Final\bin
	user.home = C:\Users\AMEEN
	user.language = en
	user.name = ADMIN
	user.script = 
	user.timezone = Asia/Calcutta
	user.variant = 
2026-09-03 13:21:18,587 DEBUG [org.jboss.as.config] (MSC service thread 1-3) VM Arguments: -Dprogram.name=standalone.bat -Xms64M -Xmx512M -XX:MetaspaceSize=96M -XX:MaxMetaspaceSize=256m -Djava.net.preferIPv4Stack=true -Djboss.modules.system.pkgs=org.jboss.byteman -Djava.awt.headless=true --add-exports=java.desktop/sun.awt=ALL-UNNAMED --add-exports=java.naming/com.sun.jndi.ldap=ALL-UNNAMED --add-exports=java.naming/com.sun.jndi.url.ldap=ALL-UNNAMED --add-exports=java.naming/com.sun.jndi.url.ldaps=ALL-UNNAMED --add-exports=jdk.naming.dns/com.sun.jndi.dns=ALL-UNNAMED --add-opens=java.base/java.lang=ALL-UNNAMED --add-opens=java.base/java.lang.invoke=ALL-UNNAMED --add-opens=java.base/java.io=ALL-UNNAMED --add-opens=java.base/java.lang.reflect=ALL-UNNAMED --add-opens=java.base/java.security=ALL-UNNAMED --add-opens=java.base/java.util=ALL-UNNAMED --add-opens=java.base/java.util.concurrent=ALL-UNNAMED --add-opens=java.management/javax.management=ALL-UNNAMED --add-opens=java.naming/javax.naming=ALL-UNNAMED -Djava.security.manager=allow -Dorg.jboss.boot.log.file=C:\Rayssoftware\DevOp\wildfly-27.0.1.Final\standalone\log\server.log -Dlogging.configuration=file:C:\Rayssoftware\DevOp\wildfly-27.0.1.Final\standalone\configuration/logging.properties 
2026-09-03 13:21:20,077 INFO  [org.wildfly.security] (ServerService Thread Pool -- 4) ELY00001: WildFly Elytron version 2.0.0.Final
2026-09-03 13:21:20,625 WARN  [org.jboss.as.controller] (ServerService Thread Pool -- 16) WFLYCTL0481: The runtime dependency package 'io.smallrye.opentracing-contrib' is already registered at location '/subsystem=microprofile-opentracing-smallrye'
2026-09-03 13:21:20,626 WARN  [org.jboss.as.controller] (ServerService Thread Pool -- 16) WFLYCTL0481: The runtime dependency package 'io.smallrye.opentracing-contrib' is already registered at location '/subsystem=microprofile-opentracing-smallrye'
2026-09-03 13:21:21,167 INFO  [org.jboss.as.controller.management-deprecated] (ServerService Thread Pool -- 23) WFLYCTL0028: Attribute 'cluster' in the resource at address '/subsystem=ejb3/service=remote' is deprecated, and may be removed in a future version. See the attribute description in the output of the read-resource-description operation to learn more about the deprecation.
2026-09-03 13:21:21,320 INFO  [org.jboss.as.server] (Controller Boot Thread) WFLYSRV0039: Creating http management service using socket-binding (management-http)
2026-09-03 13:21:21,369 INFO  [org.xnio] (MSC service thread 1-5) XNIO version 3.8.8.Final
2026-09-03 13:21:21,384 INFO  [org.xnio.nio] (MSC service thread 1-5) XNIO NIO Implementation Version 3.8.8.Final
2026-09-03 13:21:21,521 INFO  [org.wildfly.extension.elytron.oidc._private] (ServerService Thread Pool -- 54) WFLYOIDC0001: Activating WildFly Elytron OIDC Subsystem
2026-09-03 13:21:21,530 INFO  [org.jboss.as.connector.subsystems.datasources] (ServerService Thread Pool -- 45) WFLYJCA0004: Deploying JDBC-compliant driver class org.h2.Driver (version 2.1)
2026-09-03 13:21:21,531 INFO  [org.jboss.as.jaxrs] (ServerService Thread Pool -- 58) WFLYRS0016: RESTEasy version 6.2.1.Final
2026-09-03 13:21:21,535 INFO  [org.jboss.as.clustering.infinispan] (ServerService Thread Pool -- 56) WFLYCLINF0001: Activating Infinispan subsystem.
2026-09-03 13:21:21,590 INFO  [org.wildfly.extension.health] (ServerService Thread Pool -- 55) WFLYHEALTH0001: Activating Base Health Subsystem
2026-09-03 13:21:21,642 WARN  [org.jboss.as.txn] (ServerService Thread Pool -- 76) WFLYTX0013: The node-identifier attribute on the /subsystem=transactions is set to the default value. This is a danger for environments running multiple servers. Please make sure the attribute value is unique.
2026-09-03 13:21:21,653 INFO  [org.jboss.as.connector] (MSC service thread 1-7) WFLYJCA0009: Starting Jakarta Connectors Subsystem (WildFly/IronJacamar 1.5.9.Final)
2026-09-03 13:21:21,668 INFO  [org.wildfly.extension.microprofile.jwt.smallrye] (ServerService Thread Pool -- 67) WFLYJWT0001: Activating MicroProfile JWT Subsystem
2026-09-03 13:21:21,674 INFO  [org.wildfly.extension.microprofile.config.smallrye] (ServerService Thread Pool -- 66) WFLYCONF0001: Activating MicroProfile Config Subsystem
2026-09-03 13:21:21,689 INFO  [org.jboss.as.connector.deployers.jdbc] (MSC service thread 1-2) WFLYJCA0018: Started Driver service with driver-name = h2
2026-09-03 13:21:21,695 INFO  [org.jboss.as.jsf] (ServerService Thread Pool -- 63) WFLYJSF0007: Activated the following Jakarta Server Faces Implementations: [main]
2026-09-03 13:21:21,719 INFO  [org.wildfly.extension.microprofile.opentracing] (ServerService Thread Pool -- 68) WFLYTRACEXT0001: Activating MicroProfile OpenTracing Subsystem
2026-09-03 13:21:21,733 INFO  [org.wildfly.extension.metrics] (ServerService Thread Pool -- 65) WFLYMETRICS0001: Activating Base Metrics Subsystem
2026-09-03 13:21:21,757 INFO  [org.jboss.as.naming] (ServerService Thread Pool -- 69) WFLYNAM0001: Activating Naming Subsystem
2026-09-03 13:21:21,788 INFO  [org.wildfly.extension.io] (ServerService Thread Pool -- 57) WFLYIO001: Worker 'default' has auto-configured to 8 IO threads with 64 max task threads based on your 4 available processors
2026-09-03 13:21:21,792 INFO  [org.jboss.as.webservices] (ServerService Thread Pool -- 78) WFLYWS0002: Activating WebServices Extension
2026-09-03 13:21:21,871 WARN  [org.wildfly.extension.elytron] (MSC service thread 1-7) WFLYELY00023: KeyStore file 'C:\Rayssoftware\DevOp\wildfly-27.0.1.Final\standalone\configuration\application.keystore' does not exist. Used blank.
2026-09-03 13:21:21,914 INFO  [org.wildfly.extension.undertow] (MSC service thread 1-3) WFLYUT0003: Undertow 2.3.0.Final starting
2026-09-03 13:21:21,969 INFO  [org.jboss.as.naming] (MSC service thread 1-7) WFLYNAM0003: Starting Naming Service
2026-09-03 13:21:21,973 INFO  [org.jboss.as.ejb3] (MSC service thread 1-6) WFLYEJB0481: Strict pool slsb-strict-max-pool is using a max instance size of 64 (per class), which is derived from thread worker pool sizing.
2026-09-03 13:21:21,975 INFO  [org.jboss.as.ejb3] (MSC service thread 1-4) WFLYEJB0482: Strict pool mdb-strict-max-pool is using a max instance size of 16 (per class), which is derived from the number of CPUs on this host.
2026-09-03 13:21:22,081 INFO  [org.jboss.as.mail.extension] (MSC service thread 1-4) WFLYMAIL0001: Bound mail session [java:jboss/mail/Default]
2026-09-03 13:21:22,085 WARN  [org.wildfly.extension.elytron] (MSC service thread 1-5) WFLYELY01084: KeyStore C:\Rayssoftware\DevOp\wildfly-27.0.1.Final\standalone\configuration\application.keystore not found, it will be auto generated on first use with a self-signed certificate for host localhost
2026-09-03 13:21:22,146 INFO  [org.wildfly.extension.undertow] (ServerService Thread Pool -- 77) WFLYUT0014: Creating file handler for path 'C:\Rayssoftware\DevOp\wildfly-27.0.1.Final/welcome-content' with options [directory-listing: 'false', follow-symlink: 'false', case-sensitive: 'true', safe-symlink-paths: '[]']
2026-09-03 13:21:22,152 INFO  [org.jboss.remoting] (MSC service thread 1-4) JBoss Remoting version 5.0.26.Final
2026-09-03 13:21:22,547 INFO  [org.wildfly.extension.undertow] (MSC service thread 1-7) WFLYUT0012: Started server default-server.
2026-09-03 13:21:22,586 INFO  [org.wildfly.extension.undertow] (MSC service thread 1-5) Queuing requests.
2026-09-03 13:21:22,635 INFO  [org.wildfly.extension.undertow] (MSC service thread 1-5) WFLYUT0018: Host default-host starting
2026-09-03 13:21:22,666 ERROR [org.jboss.msc.service.fail] (MSC service thread 1-2) MSC000001: Failed to start service org.wildfly.undertow.listener.default: org.jboss.msc.service.StartException in service org.wildfly.undertow.listener.default: Address already in use: bind /127.0.0.1:8080
	at org.wildfly.extension.undertow@27.0.1.Final//org.wildfly.extension.undertow.ListenerService.start(ListenerService.java:212)
	at org.jboss.msc@1.4.13.Final//org.jboss.msc.service.ServiceControllerImpl$StartTask.startService(ServiceControllerImpl.java:1739)
	at org.jboss.msc@1.4.13.Final//org.jboss.msc.service.ServiceControllerImpl$StartTask.execute(ServiceControllerImpl.java:1701)
	at org.jboss.msc@1.4.13.Final//org.jboss.msc.service.ServiceControllerImpl$ControllerTask.run(ServiceControllerImpl.java:1559)
	at org.jboss.threads@2.4.0.Final//org.jboss.threads.ContextClassLoaderSavingRunnable.run(ContextClassLoaderSavingRunnable.java:35)
	at org.jboss.threads@2.4.0.Final//org.jboss.threads.EnhancedQueueExecutor.safeRun(EnhancedQueueExecutor.java:1990)
	at org.jboss.threads@2.4.0.Final//org.jboss.threads.EnhancedQueueExecutor$ThreadBody.doRunTask(EnhancedQueueExecutor.java:1486)
	at org.jboss.threads@2.4.0.Final//org.jboss.threads.EnhancedQueueExecutor$ThreadBody.run(EnhancedQueueExecutor.java:1377)
	at java.base/java.lang.Thread.run(Thread.java:1583)

2026-09-03 13:21:22,911 INFO  [org.wildfly.extension.undertow] (MSC service thread 1-5) WFLYUT0006: Undertow HTTPS listener https listening on 127.0.0.1:8443
2026-09-03 13:21:22,977 INFO  [org.jboss.as.ejb3] (MSC service thread 1-8) WFLYEJB0493: Jakarta Enterprise Beans subsystem suspension complete
2026-09-03 13:21:23,116 INFO  [org.jboss.as.connector.subsystems.datasources] (MSC service thread 1-8) WFLYJCA0001: Bound data source [java:jboss/datasources/ExampleDS]
2026-09-03 13:21:23,216 INFO  [org.jboss.as.server.deployment.scanner] (MSC service thread 1-5) WFLYDS0013: Started FileSystemDeploymentService for directory C:\Rayssoftware\DevOp\wildfly-27.0.1.Final\standalone\deployments
2026-09-03 13:21:23,219 INFO  [org.jboss.as.patching] (MSC service thread 1-6) WFLYPAT0050: WildFly Full cumulative patch ID is: base, one-off patches include: none
2026-09-03 13:21:23,240 ERROR [org.jboss.as.controller.management-operation] (Controller Boot Thread) WFLYCTL0013: Operation ("add") failed - address: ([
    ("subsystem" => "remoting"),
    ("http-connector" => "http-remoting-connector")
]) - failure description: {
    "WFLYCTL0412: Required services that are not installed:" => ["jboss.http-upgrade-registry.default"],
    "WFLYCTL0180: Services with missing/unavailable dependencies" => ["jboss.remoting.remoting-http-upgrade-service.http-remoting-connector is missing [jboss.http-upgrade-registry.default]"]
}
2026-09-03 13:21:23,324 ERROR [org.jboss.as.controller.management-operation] (Controller Boot Thread) WFLYCTL0013: Operation ("add") failed - address: ([
    ("subsystem" => "undertow"),
    ("server" => "default-server"),
    ("http-listener" => "default")
]) - failure description: {"WFLYCTL0080: Failed services" => {"org.wildfly.undertow.listener.default" => "Address already in use: bind /127.0.0.1:8080"}}
2026-09-03 13:21:23,367 INFO  [org.jboss.as.controller] (Controller Boot Thread) WFLYCTL0183: Service status report
WFLYCTL0184:    New missing/unsatisfied dependencies:
      service jboss.http-upgrade-registry.default (missing) dependents: [service jboss.remoting.remoting-http-upgrade-service.http-remoting-connector] 
WFLYCTL0186:   Services which failed to start:      service org.wildfly.undertow.listener.default: Address already in use: bind /127.0.0.1:8080
WFLYCTL0448: 1 additional services are down due to their dependencies being missing or failed
2026-09-03 13:21:23,427 INFO  [org.jboss.as.server] (Controller Boot Thread) WFLYSRV0212: Resuming server
2026-09-03 13:21:23,431 ERROR [org.jboss.as] (Controller Boot Thread) WFLYSRV0026: WildFly Full 27.0.1.Final (WildFly Core 19.0.1.Final) started (with errors) in 6731ms - Started 283 of 561 services (3 services failed or missing dependencies, 357 services are lazy, passive or on-demand) - Server configuration file in use: standalone.xml
2026-09-03 13:21:23,437 INFO  [org.jboss.as] (Controller Boot Thread) WFLYSRV0060: Http management interface listening on http://127.0.0.1:9990/management
2026-09-03 13:21:23,438 INFO  [org.jboss.as] (Controller Boot Thread) WFLYSRV0051: Admin console listening on http://127.0.0.1:9990
2026-09-03 13:23:50,218 INFO  [org.jboss.modules] (main) JBoss Modules version 2.0.3.Final
2026-09-03 13:23:51,141 INFO  [org.jboss.msc] (main) JBoss MSC version 1.4.13.Final
2026-09-03 13:23:51,156 INFO  [org.jboss.threads] (main) JBoss Threads version 2.4.0.Final
2026-09-03 13:23:51,302 INFO  [org.jboss.as] (MSC service thread 1-2) WFLYSRV0049: WildFly Full 27.0.1.Final (WildFly Core 19.0.1.Final) starting
2026-09-03 13:23:51,305 DEBUG [org.jboss.as.config] (MSC service thread 1-2) Configured system properties:
	file.encoding = UTF-8
	file.separator = \
	java.awt.headless = true
	java.class.path = C:\Rayssoftware\DevOp\wildfly-27.0.1.Final\jboss-modules.jar
	java.class.version = 65.0
	java.home = C:\Program Files\Java\jdk-21.0.11
	java.io.tmpdir = C:\Users\AMEEN\AppData\Local\Temp\
	java.library.path = C:\Program Files\Java\jdk-21.0.11\bin;C:\Windows\Sun\Java\bin;C:\Windows\system32;C:\Windows;C:\Program Files\Java\jdk-21.0.11\bin;C:\Program Files\Git\cmd;C:\Windows\System32;C:\Windows;C:\Users\AMEEN\AppData\Local\Programs\DockerDesktop\resources\bin;C:\Users\AMEEN\AppData\Local\Programs\DockerDesktop\resources\bin;"C:\Program Files\Java\jdk-21.0.11\bin;C:\Program Files\Git\cmd;C:\Windows\System32;C:\Windows;C:\Users\AMEEN\AppData\Local\Programs\DockerDesktop\resources\bin;;C:\Program Files\Java\jdk-21.0.11\bin";C:\Users\AMEEN\AppData\Local\Programs\Microsoft VS Code\bin;C:\Windows\System32;C:\Windows;C:\Users\AMEEN\AppData\Local\Programs\mongosh\;.
	java.net.preferIPv4Stack = true
	java.runtime.name = Java(TM) SE Runtime Environment
	java.runtime.version = 21.0.11+9-LTS-211
	java.security.manager = allow
	java.specification.name = Java Platform API Specification
	java.specification.vendor = Oracle Corporation
	java.specification.version = 21
	java.util.logging.manager = org.jboss.logmanager.LogManager
	java.vendor = Oracle Corporation
	java.vendor.url = https://java.oracle.com/
	java.vendor.url.bug = https://bugreport.java.com/bugreport/
	java.version = 21.0.11
	java.version.date = 2026-04-21
	java.vm.compressedOopsMode = 32-bit
	java.vm.info = mixed mode, sharing
	java.vm.name = Java HotSpot(TM) 64-Bit Server VM
	java.vm.specification.name = Java Virtual Machine Specification
	java.vm.specification.vendor = Oracle Corporation
	java.vm.specification.version = 21
	java.vm.vendor = Oracle Corporation
	java.vm.version = 21.0.11+9-LTS-211
	javax.management.builder.initial = org.jboss.as.jmx.PluggableMBeanServerBuilder
	jboss.home.dir = C:\Rayssoftware\DevOp\wildfly-27.0.1.Final
	jboss.host.name = desktop-2gcr7a9
	jboss.modules.dir = C:\Rayssoftware\DevOp\wildfly-27.0.1.Final\modules
	jboss.modules.system.pkgs = org.jboss.byteman
	jboss.node.name = desktop-2gcr7a9
	jboss.qualified.host.name = desktop-2gcr7a9
	jboss.server.base.dir = C:\Rayssoftware\DevOp\wildfly-27.0.1.Final\standalone
	jboss.server.config.dir = C:\Rayssoftware\DevOp\wildfly-27.0.1.Final\standalone\configuration
	jboss.server.data.dir = C:\Rayssoftware\DevOp\wildfly-27.0.1.Final\standalone\data
	jboss.server.deploy.dir = C:\Rayssoftware\DevOp\wildfly-27.0.1.Final\standalone\data\content
	jboss.server.log.dir = C:\Rayssoftware\DevOp\wildfly-27.0.1.Final\standalone\log
	jboss.server.name = desktop-2gcr7a9
	jboss.server.persist.config = true
	jboss.server.temp.dir = C:\Rayssoftware\DevOp\wildfly-27.0.1.Final\standalone\tmp
	jdk.debug = release
	line.separator = 

	logging.configuration = file:C:\Rayssoftware\DevOp\wildfly-27.0.1.Final\standalone\configuration/logging.properties
	module.path = C:\Rayssoftware\DevOp\wildfly-27.0.1.Final\modules
	native.encoding = Cp1252
	org.jboss.boot.log.file = C:\Rayssoftware\DevOp\wildfly-27.0.1.Final\standalone\log\server.log
	org.jboss.resolver.warning = true
	os.arch = amd64
	os.name = Windows 10
	os.version = 10.0
	path.separator = ;
	program.name = standalone.bat
	stderr.encoding = cp437
	stdout.encoding = cp437
	sun.arch.data.model = 64
	sun.boot.library.path = C:\Program Files\Java\jdk-21.0.11\bin
	sun.cpu.endian = little
	sun.cpu.isalist = amd64
	sun.io.unicode.encoding = UnicodeLittle
	sun.java.command = C:\Rayssoftware\DevOp\wildfly-27.0.1.Final\jboss-modules.jar -mp C:\Rayssoftware\DevOp\wildfly-27.0.1.Final\modules org.jboss.as.standalone -Djboss.home.dir=C:\Rayssoftware\DevOp\wildfly-27.0.1.Final
	sun.java.launcher = SUN_STANDARD
	sun.jnu.encoding = Cp1252
	sun.management.compiler = HotSpot 64-Bit Tiered Compilers
	sun.os.patch.level = 
	user.country = IN
	user.dir = C:\Rayssoftware\DevOp\wildfly-27.0.1.Final\bin
	user.home = C:\Users\AMEEN
	user.language = en
	user.name = ADMIN
	user.script = 
	user.timezone = Asia/Calcutta
	user.variant = 
2026-09-03 13:23:51,307 DEBUG [org.jboss.as.config] (MSC service thread 1-2) VM Arguments: -Dprogram.name=standalone.bat -Xms64M -Xmx512M -XX:MetaspaceSize=96M -XX:MaxMetaspaceSize=256m -Djava.net.preferIPv4Stack=true -Djboss.modules.system.pkgs=org.jboss.byteman -Djava.awt.headless=true --add-exports=java.desktop/sun.awt=ALL-UNNAMED --add-exports=java.naming/com.sun.jndi.ldap=ALL-UNNAMED --add-exports=java.naming/com.sun.jndi.url.ldap=ALL-UNNAMED --add-exports=java.naming/com.sun.jndi.url.ldaps=ALL-UNNAMED --add-exports=jdk.naming.dns/com.sun.jndi.dns=ALL-UNNAMED --add-opens=java.base/java.lang=ALL-UNNAMED --add-opens=java.base/java.lang.invoke=ALL-UNNAMED --add-opens=java.base/java.io=ALL-UNNAMED --add-opens=java.base/java.lang.reflect=ALL-UNNAMED --add-opens=java.base/java.security=ALL-UNNAMED --add-opens=java.base/java.util=ALL-UNNAMED --add-opens=java.base/java.util.concurrent=ALL-UNNAMED --add-opens=java.management/javax.management=ALL-UNNAMED --add-opens=java.naming/javax.naming=ALL-UNNAMED -Djava.security.manager=allow -Dorg.jboss.boot.log.file=C:\Rayssoftware\DevOp\wildfly-27.0.1.Final\standalone\log\server.log -Dlogging.configuration=file:C:\Rayssoftware\DevOp\wildfly-27.0.1.Final\standalone\configuration/logging.properties 
2026-09-03 13:23:52,639 INFO  [org.wildfly.security] (ServerService Thread Pool -- 28) ELY00001: WildFly Elytron version 2.0.0.Final
2026-09-03 13:23:53,137 WARN  [org.jboss.as.controller] (ServerService Thread Pool -- 5) WFLYCTL0481: The runtime dependency package 'io.smallrye.opentracing-contrib' is already registered at location '/subsystem=microprofile-opentracing-smallrye'
2026-09-03 13:23:53,138 WARN  [org.jboss.as.controller] (ServerService Thread Pool -- 5) WFLYCTL0481: The runtime dependency package 'io.smallrye.opentracing-contrib' is already registered at location '/subsystem=microprofile-opentracing-smallrye'
2026-09-03 13:23:53,579 INFO  [org.jboss.as.controller.management-deprecated] (ServerService Thread Pool -- 35) WFLYCTL0028: Attribute 'cluster' in the resource at address '/subsystem=ejb3/service=remote' is deprecated, and may be removed in a future version. See the attribute description in the output of the read-resource-description operation to learn more about the deprecation.
2026-09-03 13:23:53,723 INFO  [org.jboss.as.server] (Controller Boot Thread) WFLYSRV0039: Creating http management service using socket-binding (management-http)
2026-09-03 13:23:53,752 INFO  [org.xnio] (MSC service thread 1-6) XNIO version 3.8.8.Final
2026-09-03 13:23:53,773 INFO  [org.xnio.nio] (MSC service thread 1-6) XNIO NIO Implementation Version 3.8.8.Final
2026-09-03 13:23:54,026 WARN  [org.jboss.as.txn] (ServerService Thread Pool -- 76) WFLYTX0013: The node-identifier attribute on the /subsystem=transactions is set to the default value. This is a danger for environments running multiple servers. Please make sure the attribute value is unique.
2026-09-03 13:23:54,033 INFO  [org.jboss.as.connector.subsystems.datasources] (ServerService Thread Pool -- 45) WFLYJCA0004: Deploying JDBC-compliant driver class org.h2.Driver (version 2.1)
2026-09-03 13:23:54,034 INFO  [org.jboss.as.jaxrs] (ServerService Thread Pool -- 58) WFLYRS0016: RESTEasy version 6.2.1.Final
2026-09-03 13:23:54,036 INFO  [org.wildfly.extension.elytron.oidc._private] (ServerService Thread Pool -- 54) WFLYOIDC0001: Activating WildFly Elytron OIDC Subsystem
2026-09-03 13:23:54,060 INFO  [org.wildfly.extension.microprofile.jwt.smallrye] (ServerService Thread Pool -- 67) WFLYJWT0001: Activating MicroProfile JWT Subsystem
2026-09-03 13:23:54,068 INFO  [org.wildfly.extension.microprofile.config.smallrye] (ServerService Thread Pool -- 66) WFLYCONF0001: Activating MicroProfile Config Subsystem
2026-09-03 13:23:54,068 INFO  [org.wildfly.extension.health] (ServerService Thread Pool -- 55) WFLYHEALTH0001: Activating Base Health Subsystem
2026-09-03 13:23:54,074 INFO  [org.jboss.as.clustering.infinispan] (ServerService Thread Pool -- 56) WFLYCLINF0001: Activating Infinispan subsystem.
2026-09-03 13:23:54,084 INFO  [org.jboss.as.jsf] (ServerService Thread Pool -- 63) WFLYJSF0007: Activated the following Jakarta Server Faces Implementations: [main]
2026-09-03 13:23:54,099 INFO  [org.wildfly.extension.microprofile.opentracing] (ServerService Thread Pool -- 68) WFLYTRACEXT0001: Activating MicroProfile OpenTracing Subsystem
2026-09-03 13:23:54,109 INFO  [org.wildfly.extension.metrics] (ServerService Thread Pool -- 65) WFLYMETRICS0001: Activating Base Metrics Subsystem
2026-09-03 13:23:54,125 INFO  [org.jboss.as.naming] (ServerService Thread Pool -- 69) WFLYNAM0001: Activating Naming Subsystem
2026-09-03 13:23:54,155 INFO  [org.jboss.as.webservices] (ServerService Thread Pool -- 78) WFLYWS0002: Activating WebServices Extension
2026-09-03 13:23:54,159 INFO  [org.wildfly.extension.io] (ServerService Thread Pool -- 57) WFLYIO001: Worker 'default' has auto-configured to 8 IO threads with 64 max task threads based on your 4 available processors
2026-09-03 13:23:54,271 INFO  [org.wildfly.extension.undertow] (MSC service thread 1-5) WFLYUT0003: Undertow 2.3.0.Final starting
2026-09-03 13:23:54,301 INFO  [org.jboss.as.connector] (MSC service thread 1-5) WFLYJCA0009: Starting Jakarta Connectors Subsystem (WildFly/IronJacamar 1.5.9.Final)
2026-09-03 13:23:54,369 WARN  [org.wildfly.extension.elytron] (MSC service thread 1-4) WFLYELY00023: KeyStore file 'C:\Rayssoftware\DevOp\wildfly-27.0.1.Final\standalone\configuration\application.keystore' does not exist. Used blank.
2026-09-03 13:23:54,432 INFO  [org.jboss.as.connector.deployers.jdbc] (MSC service thread 1-5) WFLYJCA0018: Started Driver service with driver-name = h2
2026-09-03 13:23:54,439 INFO  [org.jboss.as.naming] (MSC service thread 1-1) WFLYNAM0003: Starting Naming Service
2026-09-03 13:23:54,444 INFO  [org.jboss.as.mail.extension] (MSC service thread 1-3) WFLYMAIL0001: Bound mail session [java:jboss/mail/Default]
2026-09-03 13:23:54,513 INFO  [org.jboss.remoting] (MSC service thread 1-6) JBoss Remoting version 5.0.26.Final
2026-09-03 13:23:54,518 WARN  [org.wildfly.extension.elytron] (MSC service thread 1-2) WFLYELY01084: KeyStore C:\Rayssoftware\DevOp\wildfly-27.0.1.Final\standalone\configuration\application.keystore not found, it will be auto generated on first use with a self-signed certificate for host localhost
2026-09-03 13:23:54,550 INFO  [org.wildfly.extension.undertow] (ServerService Thread Pool -- 77) WFLYUT0014: Creating file handler for path 'C:\Rayssoftware\DevOp\wildfly-27.0.1.Final/welcome-content' with options [directory-listing: 'false', follow-symlink: 'false', case-sensitive: 'true', safe-symlink-paths: '[]']
2026-09-03 13:23:54,685 INFO  [org.jboss.as.ejb3] (MSC service thread 1-1) WFLYEJB0482: Strict pool mdb-strict-max-pool is using a max instance size of 16 (per class), which is derived from the number of CPUs on this host.
2026-09-03 13:23:54,685 INFO  [org.jboss.as.ejb3] (MSC service thread 1-5) WFLYEJB0481: Strict pool slsb-strict-max-pool is using a max instance size of 64 (per class), which is derived from thread worker pool sizing.
2026-09-03 13:23:54,725 INFO  [org.wildfly.extension.undertow] (MSC service thread 1-8) WFLYUT0012: Started server default-server.
2026-09-03 13:23:54,733 INFO  [org.wildfly.extension.undertow] (MSC service thread 1-8) Queuing requests.
2026-09-03 13:23:54,737 INFO  [org.wildfly.extension.undertow] (MSC service thread 1-8) WFLYUT0018: Host default-host starting
2026-09-03 13:23:55,128 INFO  [org.jboss.as.ejb3] (MSC service thread 1-8) WFLYEJB0493: Jakarta Enterprise Beans subsystem suspension complete
2026-09-03 13:23:55,201 INFO  [org.wildfly.extension.undertow] (MSC service thread 1-5) WFLYUT0006: Undertow HTTP listener default listening on 127.0.0.1:8080
2026-09-03 13:23:55,334 ERROR [org.jboss.msc.service.fail] (MSC service thread 1-2) MSC000001: Failed to start service org.wildfly.management.http.extensible: org.jboss.msc.service.StartException in service org.wildfly.management.http.extensible: java.net.BindException: Address already in use: bind /127.0.0.1:9990
	at org.jboss.as.server@19.0.1.Final//org.jboss.as.server.mgmt.UndertowHttpManagementService.start(UndertowHttpManagementService.java:386)
	at org.jboss.msc@1.4.13.Final//org.jboss.msc.service.ServiceControllerImpl$StartTask.startService(ServiceControllerImpl.java:1739)
	at org.jboss.msc@1.4.13.Final//org.jboss.msc.service.ServiceControllerImpl$StartTask.execute(ServiceControllerImpl.java:1701)
	at org.jboss.msc@1.4.13.Final//org.jboss.msc.service.ServiceControllerImpl$ControllerTask.run(ServiceControllerImpl.java:1559)
	at org.jboss.threads@2.4.0.Final//org.jboss.threads.ContextClassLoaderSavingRunnable.run(ContextClassLoaderSavingRunnable.java:35)
	at org.jboss.threads@2.4.0.Final//org.jboss.threads.EnhancedQueueExecutor.safeRun(EnhancedQueueExecutor.java:1990)
	at org.jboss.threads@2.4.0.Final//org.jboss.threads.EnhancedQueueExecutor$ThreadBody.doRunTask(EnhancedQueueExecutor.java:1486)
	at org.jboss.threads@2.4.0.Final//org.jboss.threads.EnhancedQueueExecutor$ThreadBody.run(EnhancedQueueExecutor.java:1363)
	at java.base/java.lang.Thread.run(Thread.java:1583)

2026-09-03 13:23:55,392 INFO  [org.jboss.as.connector.subsystems.datasources] (MSC service thread 1-5) WFLYJCA0001: Bound data source [java:jboss/datasources/ExampleDS]
2026-09-03 13:23:55,419 ERROR [org.jboss.msc.service.fail] (MSC service thread 1-7) MSC000001: Failed to start service org.wildfly.undertow.listener.https: org.jboss.msc.service.StartException in service org.wildfly.undertow.listener.https: Address already in use: bind /127.0.0.1:8443
	at org.wildfly.extension.undertow@27.0.1.Final//org.wildfly.extension.undertow.ListenerService.start(ListenerService.java:212)
	at org.jboss.msc@1.4.13.Final//org.jboss.msc.service.ServiceControllerImpl$StartTask.startService(ServiceControllerImpl.java:1739)
	at org.jboss.msc@1.4.13.Final//org.jboss.msc.service.ServiceControllerImpl$StartTask.execute(ServiceControllerImpl.java:1701)
	at org.jboss.msc@1.4.13.Final//org.jboss.msc.service.ServiceControllerImpl$ControllerTask.run(ServiceControllerImpl.java:1559)
	at org.jboss.threads@2.4.0.Final//org.jboss.threads.ContextClassLoaderSavingRunnable.run(ContextClassLoaderSavingRunnable.java:35)
	at org.jboss.threads@2.4.0.Final//org.jboss.threads.EnhancedQueueExecutor.safeRun(EnhancedQueueExecutor.java:1990)
	at org.jboss.threads@2.4.0.Final//org.jboss.threads.EnhancedQueueExecutor$ThreadBody.doRunTask(EnhancedQueueExecutor.java:1486)
	at org.jboss.threads@2.4.0.Final//org.jboss.threads.EnhancedQueueExecutor$ThreadBody.run(EnhancedQueueExecutor.java:1377)
	at java.base/java.lang.Thread.run(Thread.java:1583)

2026-09-03 13:23:55,572 INFO  [org.jboss.as.server.deployment.scanner] (MSC service thread 1-2) WFLYDS0013: Started FileSystemDeploymentService for directory C:\Rayssoftware\DevOp\wildfly-27.0.1.Final\standalone\deployments
2026-09-03 13:23:55,594 INFO  [org.jboss.as.patching] (MSC service thread 1-4) WFLYPAT0050: WildFly Full cumulative patch ID is: base, one-off patches include: none
2026-09-03 13:23:55,601 ERROR [org.jboss.as.controller.management-operation] (Controller Boot Thread) WFLYCTL0013: Operation ("add") failed - address: ([
    ("core-service" => "management"),
    ("management-interface" => "http-interface")
]) - failure description: {
    "WFLYCTL0080: Failed services" => {"org.wildfly.management.http.extensible" => "java.net.BindException: Address already in use: bind /127.0.0.1:9990"},
    "WFLYCTL0412: Required services that are not installed:" => ["jboss.http-upgrade-registry.http-management"],
    "WFLYCTL0180: Services with missing/unavailable dependencies" => ["jboss.remoting.remoting-http-upgrade-service.http-management is missing [jboss.http-upgrade-registry.http-management]"]
}
2026-09-03 13:23:55,669 ERROR [org.jboss.as.controller.management-operation] (Controller Boot Thread) WFLYCTL0013: Operation ("add") failed - address: ([
    ("subsystem" => "undertow"),
    ("server" => "default-server"),
    ("https-listener" => "https")
]) - failure description: {"WFLYCTL0080: Failed services" => {"org.wildfly.undertow.listener.https" => "Address already in use: bind /127.0.0.1:8443"}}
2026-09-03 13:23:55,673 ERROR [org.jboss.as.controller] (Controller Boot Thread) WFLYCTL0459: Triggering roll back due to missing management services.
2026-09-03 13:23:55,675 ERROR [org.jboss.as.controller.management-operation] (Controller Boot Thread) WFLYCTL0013: Operation ("add") failed - address: ([
    ("core-service" => "management"),
    ("management-interface" => "http-interface")
]) - failure description: {
    "WFLYCTL0080: Failed services" => {"org.wildfly.management.http.extensible" => "java.net.BindException: Address already in use: bind /127.0.0.1:9990"},
    "WFLYCTL0412: Required services that are not installed:" => ["jboss.http-upgrade-registry.http-management"],
    "WFLYCTL0180: Services with missing/unavailable dependencies" => ["jboss.remoting.remoting-http-upgrade-service.http-management is missing [jboss.http-upgrade-registry.http-management]"]
}
2026-09-03 13:23:55,710 INFO  [org.jboss.as.mail.extension] (MSC service thread 1-1) WFLYMAIL0002: Unbound mail session [java:jboss/mail/Default]
2026-09-03 13:23:55,722 INFO  [org.wildfly.extension.undertow] (MSC service thread 1-8) WFLYUT0019: Host default-host stopping
2026-09-03 13:23:55,723 INFO  [org.wildfly.extension.undertow] (MSC service thread 1-2) WFLYUT0008: Undertow HTTP listener default suspending
2026-09-03 13:23:55,727 INFO  [org.jboss.as.connector.subsystems.datasources] (MSC service thread 1-6) WFLYJCA0010: Unbound data source [java:jboss/datasources/ExampleDS]
2026-09-03 13:23:55,739 INFO  [org.wildfly.extension.undertow] (MSC service thread 1-2) WFLYUT0007: Undertow HTTP listener default stopped, was bound to 127.0.0.1:8080
2026-09-03 13:23:55,754 INFO  [org.wildfly.extension.undertow] (MSC service thread 1-6) WFLYUT0004: Undertow 2.3.0.Final stopping
2026-09-03 13:23:55,758 INFO  [org.jboss.as.connector.deployers.jdbc] (MSC service thread 1-1) WFLYJCA0019: Stopped Driver service with driver-name = h2
2026-09-03 13:23:55,820 FATAL [org.jboss.as.server] (Controller Boot Thread) WFLYSRV0056: Server boot has failed in an unrecoverable manner; exiting. See previous messages for details. - Server configuration file in use: standalone.xml
2026-09-03 13:23:55,837 INFO  [org.jboss.as] (MSC service thread 1-1) WFLYSRV0050: WildFly Full 27.0.1.Final (WildFly Core 19.0.1.Final) stopped in 7ms
2026-09-03 13:28:48,454 INFO  [org.jboss.modules] (main) JBoss Modules version 2.0.3.Final
2026-09-03 13:28:49,407 INFO  [org.jboss.msc] (main) JBoss MSC version 1.4.13.Final
2026-09-03 13:28:49,422 INFO  [org.jboss.threads] (main) JBoss Threads version 2.4.0.Final
2026-09-03 13:28:49,569 INFO  [org.jboss.as] (MSC service thread 1-2) WFLYSRV0049: WildFly Full 27.0.1.Final (WildFly Core 19.0.1.Final) starting
2026-09-03 13:28:49,571 DEBUG [org.jboss.as.config] (MSC service thread 1-2) Configured system properties:
	file.encoding = UTF-8
	file.separator = \
	java.awt.headless = true
	java.class.path = C:\Rayssoftware\DevOp\wildfly-27.0.1.Final\jboss-modules.jar
	java.class.version = 65.0
	java.home = C:\Program Files\Java\jdk-21.0.11
	java.io.tmpdir = C:\Users\AMEEN\AppData\Local\Temp\
	java.library.path = C:\Program Files\Java\jdk-21.0.11\bin;C:\Windows\Sun\Java\bin;C:\Windows\system32;C:\Windows;C:\Program Files\Java\jdk-21.0.11\bin;C:\Program Files\Git\cmd;C:\Windows\System32;C:\Windows;C:\Users\AMEEN\AppData\Local\Programs\DockerDesktop\resources\bin;C:\Users\AMEEN\AppData\Local\Programs\DockerDesktop\resources\bin;"C:\Program Files\Java\jdk-21.0.11\bin;C:\Program Files\Git\cmd;C:\Windows\System32;C:\Windows;C:\Users\AMEEN\AppData\Local\Programs\DockerDesktop\resources\bin;;C:\Program Files\Java\jdk-21.0.11\bin";C:\Users\AMEEN\AppData\Local\Programs\Microsoft VS Code\bin;C:\Windows\System32;C:\Windows;C:\Users\AMEEN\AppData\Local\Programs\mongosh\;.
	java.net.preferIPv4Stack = true
	java.runtime.name = Java(TM) SE Runtime Environment
	java.runtime.version = 21.0.11+9-LTS-211
	java.security.manager = allow
	java.specification.name = Java Platform API Specification
	java.specification.vendor = Oracle Corporation
	java.specification.version = 21
	java.util.logging.manager = org.jboss.logmanager.LogManager
	java.vendor = Oracle Corporation
	java.vendor.url = https://java.oracle.com/
	java.vendor.url.bug = https://bugreport.java.com/bugreport/
	java.version = 21.0.11
	java.version.date = 2026-04-21
	java.vm.compressedOopsMode = 32-bit
	java.vm.info = mixed mode, sharing
	java.vm.name = Java HotSpot(TM) 64-Bit Server VM
	java.vm.specification.name = Java Virtual Machine Specification
	java.vm.specification.vendor = Oracle Corporation
	java.vm.specification.version = 21
	java.vm.vendor = Oracle Corporation
	java.vm.version = 21.0.11+9-LTS-211
	javax.management.builder.initial = org.jboss.as.jmx.PluggableMBeanServerBuilder
	jboss.home.dir = C:\Rayssoftware\DevOp\wildfly-27.0.1.Final
	jboss.host.name = desktop-2gcr7a9
	jboss.modules.dir = C:\Rayssoftware\DevOp\wildfly-27.0.1.Final\modules
	jboss.modules.system.pkgs = org.jboss.byteman
	jboss.node.name = desktop-2gcr7a9
	jboss.qualified.host.name = desktop-2gcr7a9
	jboss.server.base.dir = C:\Rayssoftware\DevOp\wildfly-27.0.1.Final\standalone
	jboss.server.config.dir = C:\Rayssoftware\DevOp\wildfly-27.0.1.Final\standalone\configuration
	jboss.server.data.dir = C:\Rayssoftware\DevOp\wildfly-27.0.1.Final\standalone\data
	jboss.server.deploy.dir = C:\Rayssoftware\DevOp\wildfly-27.0.1.Final\standalone\data\content
	jboss.server.log.dir = C:\Rayssoftware\DevOp\wildfly-27.0.1.Final\standalone\log
	jboss.server.name = desktop-2gcr7a9
	jboss.server.persist.config = true
	jboss.server.temp.dir = C:\Rayssoftware\DevOp\wildfly-27.0.1.Final\standalone\tmp
	jdk.debug = release
	line.separator = 

	logging.configuration = file:C:\Rayssoftware\DevOp\wildfly-27.0.1.Final\standalone\configuration/logging.properties
	module.path = C:\Rayssoftware\DevOp\wildfly-27.0.1.Final\modules
	native.encoding = Cp1252
	org.jboss.boot.log.file = C:\Rayssoftware\DevOp\wildfly-27.0.1.Final\standalone\log\server.log
	org.jboss.resolver.warning = true
	os.arch = amd64
	os.name = Windows 10
	os.version = 10.0
	path.separator = ;
	program.name = standalone.bat
	stderr.encoding = cp437
	stdout.encoding = cp437
	sun.arch.data.model = 64
	sun.boot.library.path = C:\Program Files\Java\jdk-21.0.11\bin
	sun.cpu.endian = little
	sun.cpu.isalist = amd64
	sun.io.unicode.encoding = UnicodeLittle
	sun.java.command = C:\Rayssoftware\DevOp\wildfly-27.0.1.Final\jboss-modules.jar -mp C:\Rayssoftware\DevOp\wildfly-27.0.1.Final\modules org.jboss.as.standalone -Djboss.home.dir=C:\Rayssoftware\DevOp\wildfly-27.0.1.Final
	sun.java.launcher = SUN_STANDARD
	sun.jnu.encoding = Cp1252
	sun.management.compiler = HotSpot 64-Bit Tiered Compilers
	sun.os.patch.level = 
	user.country = IN
	user.dir = C:\Rayssoftware\DevOp\wildfly-27.0.1.Final\bin
	user.home = C:\Users\AMEEN
	user.language = en
	user.name = ADMIN
	user.script = 
	user.timezone = Asia/Calcutta
	user.variant = 
2026-09-03 13:28:49,573 DEBUG [org.jboss.as.config] (MSC service thread 1-2) VM Arguments: -Dprogram.name=standalone.bat -Xms64M -Xmx512M -XX:MetaspaceSize=96M -XX:MaxMetaspaceSize=256m -Djava.net.preferIPv4Stack=true -Djboss.modules.system.pkgs=org.jboss.byteman -Djava.awt.headless=true --add-exports=java.desktop/sun.awt=ALL-UNNAMED --add-exports=java.naming/com.sun.jndi.ldap=ALL-UNNAMED --add-exports=java.naming/com.sun.jndi.url.ldap=ALL-UNNAMED --add-exports=java.naming/com.sun.jndi.url.ldaps=ALL-UNNAMED --add-exports=jdk.naming.dns/com.sun.jndi.dns=ALL-UNNAMED --add-opens=java.base/java.lang=ALL-UNNAMED --add-opens=java.base/java.lang.invoke=ALL-UNNAMED --add-opens=java.base/java.io=ALL-UNNAMED --add-opens=java.base/java.lang.reflect=ALL-UNNAMED --add-opens=java.base/java.security=ALL-UNNAMED --add-opens=java.base/java.util=ALL-UNNAMED --add-opens=java.base/java.util.concurrent=ALL-UNNAMED --add-opens=java.management/javax.management=ALL-UNNAMED --add-opens=java.naming/javax.naming=ALL-UNNAMED -Djava.security.manager=allow -Dorg.jboss.boot.log.file=C:\Rayssoftware\DevOp\wildfly-27.0.1.Final\standalone\log\server.log -Dlogging.configuration=file:C:\Rayssoftware\DevOp\wildfly-27.0.1.Final\standalone\configuration/logging.properties 
2026-09-03 13:28:50,821 INFO  [org.wildfly.security] (ServerService Thread Pool -- 28) ELY00001: WildFly Elytron version 2.0.0.Final
2026-09-03 13:28:51,262 WARN  [org.jboss.as.controller] (ServerService Thread Pool -- 17) WFLYCTL0481: The runtime dependency package 'io.smallrye.opentracing-contrib' is already registered at location '/subsystem=microprofile-opentracing-smallrye'
2026-09-03 13:28:51,263 WARN  [org.jboss.as.controller] (ServerService Thread Pool -- 17) WFLYCTL0481: The runtime dependency package 'io.smallrye.opentracing-contrib' is already registered at location '/subsystem=microprofile-opentracing-smallrye'
2026-09-03 13:28:51,798 INFO  [org.jboss.as.controller.management-deprecated] (ServerService Thread Pool -- 21) WFLYCTL0028: Attribute 'cluster' in the resource at address '/subsystem=ejb3/service=remote' is deprecated, and may be removed in a future version. See the attribute description in the output of the read-resource-description operation to learn more about the deprecation.
2026-09-03 13:28:51,977 INFO  [org.jboss.as.server] (Controller Boot Thread) WFLYSRV0039: Creating http management service using socket-binding (management-http)
2026-09-03 13:28:52,022 INFO  [org.xnio] (MSC service thread 1-3) XNIO version 3.8.8.Final
2026-09-03 13:28:52,035 INFO  [org.xnio.nio] (MSC service thread 1-3) XNIO NIO Implementation Version 3.8.8.Final
2026-09-03 13:28:52,130 INFO  [org.wildfly.extension.elytron.oidc._private] (ServerService Thread Pool -- 54) WFLYOIDC0001: Activating WildFly Elytron OIDC Subsystem
2026-09-03 13:28:52,130 INFO  [org.wildfly.extension.health] (ServerService Thread Pool -- 55) WFLYHEALTH0001: Activating Base Health Subsystem
2026-09-03 13:28:52,134 INFO  [org.jboss.as.clustering.infinispan] (ServerService Thread Pool -- 56) WFLYCLINF0001: Activating Infinispan subsystem.
2026-09-03 13:28:52,173 WARN  [org.jboss.as.txn] (ServerService Thread Pool -- 76) WFLYTX0013: The node-identifier attribute on the /subsystem=transactions is set to the default value. This is a danger for environments running multiple servers. Please make sure the attribute value is unique.
2026-09-03 13:28:52,191 INFO  [org.jboss.as.jaxrs] (ServerService Thread Pool -- 58) WFLYRS0016: RESTEasy version 6.2.1.Final
2026-09-03 13:28:52,221 INFO  [org.wildfly.extension.microprofile.jwt.smallrye] (ServerService Thread Pool -- 67) WFLYJWT0001: Activating MicroProfile JWT Subsystem
2026-09-03 13:28:52,228 INFO  [org.wildfly.extension.microprofile.config.smallrye] (ServerService Thread Pool -- 66) WFLYCONF0001: Activating MicroProfile Config Subsystem
2026-09-03 13:28:52,266 INFO  [org.wildfly.extension.microprofile.opentracing] (ServerService Thread Pool -- 68) WFLYTRACEXT0001: Activating MicroProfile OpenTracing Subsystem
2026-09-03 13:28:52,274 INFO  [org.jboss.as.jsf] (ServerService Thread Pool -- 63) WFLYJSF0007: Activated the following Jakarta Server Faces Implementations: [main]
2026-09-03 13:28:52,281 INFO  [org.wildfly.extension.metrics] (ServerService Thread Pool -- 65) WFLYMETRICS0001: Activating Base Metrics Subsystem
2026-09-03 13:28:52,314 INFO  [org.jboss.as.naming] (ServerService Thread Pool -- 69) WFLYNAM0001: Activating Naming Subsystem
2026-09-03 13:28:52,340 INFO  [org.wildfly.extension.io] (ServerService Thread Pool -- 57) WFLYIO001: Worker 'default' has auto-configured to 8 IO threads with 64 max task threads based on your 4 available processors
2026-09-03 13:28:52,350 INFO  [org.jboss.as.webservices] (ServerService Thread Pool -- 78) WFLYWS0002: Activating WebServices Extension
2026-09-03 13:28:52,384 INFO  [org.jboss.as.connector.subsystems.datasources] (ServerService Thread Pool -- 45) WFLYJCA0004: Deploying JDBC-compliant driver class org.h2.Driver (version 2.1)
2026-09-03 13:28:52,409 INFO  [org.jboss.as.connector] (MSC service thread 1-6) WFLYJCA0009: Starting Jakarta Connectors Subsystem (WildFly/IronJacamar 1.5.9.Final)
2026-09-03 13:28:52,421 INFO  [org.wildfly.extension.undertow] (MSC service thread 1-4) WFLYUT0003: Undertow 2.3.0.Final starting
2026-09-03 13:28:52,433 INFO  [org.jboss.as.connector.deployers.jdbc] (MSC service thread 1-8) WFLYJCA0018: Started Driver service with driver-name = h2
2026-09-03 13:28:52,599 WARN  [org.wildfly.extension.elytron] (MSC service thread 1-8) WFLYELY00023: KeyStore file 'C:\Rayssoftware\DevOp\wildfly-27.0.1.Final\standalone\configuration\application.keystore' does not exist. Used blank.
2026-09-03 13:28:52,608 INFO  [org.jboss.as.naming] (MSC service thread 1-6) WFLYNAM0003: Starting Naming Service
2026-09-03 13:28:52,609 INFO  [org.jboss.as.mail.extension] (MSC service thread 1-7) WFLYMAIL0001: Bound mail session [java:jboss/mail/Default]
2026-09-03 13:28:52,638 WARN  [org.wildfly.extension.elytron] (MSC service thread 1-1) WFLYELY01084: KeyStore C:\Rayssoftware\DevOp\wildfly-27.0.1.Final\standalone\configuration\application.keystore not found, it will be auto generated on first use with a self-signed certificate for host localhost
2026-09-03 13:28:52,697 INFO  [org.wildfly.extension.undertow] (ServerService Thread Pool -- 77) WFLYUT0014: Creating file handler for path 'C:\Rayssoftware\DevOp\wildfly-27.0.1.Final/welcome-content' with options [directory-listing: 'false', follow-symlink: 'false', case-sensitive: 'true', safe-symlink-paths: '[]']
2026-09-03 13:28:52,750 INFO  [org.jboss.remoting] (MSC service thread 1-3) JBoss Remoting version 5.0.26.Final
2026-09-03 13:28:52,905 INFO  [org.jboss.as.ejb3] (MSC service thread 1-6) WFLYEJB0481: Strict pool slsb-strict-max-pool is using a max instance size of 64 (per class), which is derived from thread worker pool sizing.
2026-09-03 13:28:52,905 INFO  [org.jboss.as.ejb3] (MSC service thread 1-1) WFLYEJB0482: Strict pool mdb-strict-max-pool is using a max instance size of 16 (per class), which is derived from the number of CPUs on this host.
2026-09-03 13:28:53,456 ERROR [org.jboss.msc.service.fail] (MSC service thread 1-2) MSC000001: Failed to start service org.wildfly.management.http.extensible: org.jboss.msc.service.StartException in service org.wildfly.management.http.extensible: java.net.BindException: Address already in use: bind /127.0.0.1:9990
	at org.jboss.as.server@19.0.1.Final//org.jboss.as.server.mgmt.UndertowHttpManagementService.start(UndertowHttpManagementService.java:386)
	at org.jboss.msc@1.4.13.Final//org.jboss.msc.service.ServiceControllerImpl$StartTask.startService(ServiceControllerImpl.java:1739)
	at org.jboss.msc@1.4.13.Final//org.jboss.msc.service.ServiceControllerImpl$StartTask.execute(ServiceControllerImpl.java:1701)
	at org.jboss.msc@1.4.13.Final//org.jboss.msc.service.ServiceControllerImpl$ControllerTask.run(ServiceControllerImpl.java:1559)
	at org.jboss.threads@2.4.0.Final//org.jboss.threads.ContextClassLoaderSavingRunnable.run(ContextClassLoaderSavingRunnable.java:35)
	at org.jboss.threads@2.4.0.Final//org.jboss.threads.EnhancedQueueExecutor.safeRun(EnhancedQueueExecutor.java:1990)
	at org.jboss.threads@2.4.0.Final//org.jboss.threads.EnhancedQueueExecutor$ThreadBody.doRunTask(EnhancedQueueExecutor.java:1486)
	at org.jboss.threads@2.4.0.Final//org.jboss.threads.EnhancedQueueExecutor$ThreadBody.run(EnhancedQueueExecutor.java:1377)
	at java.base/java.lang.Thread.run(Thread.java:1583)

2026-09-03 13:28:53,505 INFO  [org.wildfly.extension.undertow] (MSC service thread 1-6) WFLYUT0012: Started server default-server.
2026-09-03 13:28:53,532 INFO  [org.jboss.as.ejb3] (MSC service thread 1-8) WFLYEJB0493: Jakarta Enterprise Beans subsystem suspension complete
2026-09-03 13:28:53,537 INFO  [org.wildfly.extension.undertow] (MSC service thread 1-6) Queuing requests.
2026-09-03 13:28:53,540 INFO  [org.wildfly.extension.undertow] (MSC service thread 1-6) WFLYUT0018: Host default-host starting
2026-09-03 13:28:53,591 INFO  [org.wildfly.extension.undertow] (MSC service thread 1-2) WFLYUT0006: Undertow HTTP listener default listening on 127.0.0.1:8081
2026-09-03 13:28:53,596 ERROR [org.jboss.msc.service.fail] (MSC service thread 1-8) MSC000001: Failed to start service org.wildfly.undertow.listener.https: org.jboss.msc.service.StartException in service org.wildfly.undertow.listener.https: Address already in use: bind /127.0.0.1:8443
	at org.wildfly.extension.undertow@27.0.1.Final//org.wildfly.extension.undertow.ListenerService.start(ListenerService.java:212)
	at org.jboss.msc@1.4.13.Final//org.jboss.msc.service.ServiceControllerImpl$StartTask.startService(ServiceControllerImpl.java:1739)
	at org.jboss.msc@1.4.13.Final//org.jboss.msc.service.ServiceControllerImpl$StartTask.execute(ServiceControllerImpl.java:1701)
	at org.jboss.msc@1.4.13.Final//org.jboss.msc.service.ServiceControllerImpl$ControllerTask.run(ServiceControllerImpl.java:1559)
	at org.jboss.threads@2.4.0.Final//org.jboss.threads.ContextClassLoaderSavingRunnable.run(ContextClassLoaderSavingRunnable.java:35)
	at org.jboss.threads@2.4.0.Final//org.jboss.threads.EnhancedQueueExecutor.safeRun(EnhancedQueueExecutor.java:1990)
	at org.jboss.threads@2.4.0.Final//org.jboss.threads.EnhancedQueueExecutor$ThreadBody.doRunTask(EnhancedQueueExecutor.java:1486)
	at org.jboss.threads@2.4.0.Final//org.jboss.threads.EnhancedQueueExecutor$ThreadBody.run(EnhancedQueueExecutor.java:1363)
	at java.base/java.lang.Thread.run(Thread.java:1583)

2026-09-03 13:28:53,661 INFO  [org.jboss.as.connector.subsystems.datasources] (MSC service thread 1-2) WFLYJCA0001: Bound data source [java:jboss/datasources/ExampleDS]
2026-09-03 13:28:53,720 INFO  [org.jboss.as.patching] (MSC service thread 1-2) WFLYPAT0050: WildFly Full cumulative patch ID is: base, one-off patches include: none
2026-09-03 13:28:53,735 INFO  [org.jboss.as.server.deployment.scanner] (MSC service thread 1-2) WFLYDS0013: Started FileSystemDeploymentService for directory C:\Rayssoftware\DevOp\wildfly-27.0.1.Final\standalone\deployments
2026-09-03 13:28:53,740 ERROR [org.jboss.as.controller.management-operation] (Controller Boot Thread) WFLYCTL0013: Operation ("add") failed - address: ([
    ("core-service" => "management"),
    ("management-interface" => "http-interface")
]) - failure description: {
    "WFLYCTL0080: Failed services" => {"org.wildfly.management.http.extensible" => "java.net.BindException: Address already in use: bind /127.0.0.1:9990"},
    "WFLYCTL0412: Required services that are not installed:" => ["jboss.http-upgrade-registry.http-management"],
    "WFLYCTL0180: Services with missing/unavailable dependencies" => ["jboss.remoting.remoting-http-upgrade-service.http-management is missing [jboss.http-upgrade-registry.http-management]"]
}
2026-09-03 13:28:53,816 ERROR [org.jboss.as.controller.management-operation] (Controller Boot Thread) WFLYCTL0013: Operation ("add") failed - address: ([
    ("subsystem" => "undertow"),
    ("server" => "default-server"),
    ("https-listener" => "https")
]) - failure description: {"WFLYCTL0080: Failed services" => {"org.wildfly.undertow.listener.https" => "Address already in use: bind /127.0.0.1:8443"}}
2026-09-03 13:28:53,820 ERROR [org.jboss.as.controller] (Controller Boot Thread) WFLYCTL0459: Triggering roll back due to missing management services.
2026-09-03 13:28:53,821 ERROR [org.jboss.as.controller.management-operation] (Controller Boot Thread) WFLYCTL0013: Operation ("add") failed - address: ([
    ("core-service" => "management"),
    ("management-interface" => "http-interface")
]) - failure description: {
    "WFLYCTL0080: Failed services" => {"org.wildfly.management.http.extensible" => "java.net.BindException: Address already in use: bind /127.0.0.1:9990"},
    "WFLYCTL0412: Required services that are not installed:" => ["jboss.http-upgrade-registry.http-management"],
    "WFLYCTL0180: Services with missing/unavailable dependencies" => ["jboss.remoting.remoting-http-upgrade-service.http-management is missing [jboss.http-upgrade-registry.http-management]"]
}
2026-09-03 13:28:53,846 INFO  [org.jboss.as.mail.extension] (MSC service thread 1-6) WFLYMAIL0002: Unbound mail session [java:jboss/mail/Default]
2026-09-03 13:28:53,850 INFO  [org.wildfly.extension.undertow] (MSC service thread 1-2) WFLYUT0008: Undertow HTTP listener default suspending
2026-09-03 13:28:53,852 INFO  [org.wildfly.extension.undertow] (MSC service thread 1-2) WFLYUT0007: Undertow HTTP listener default stopped, was bound to 127.0.0.1:8081
2026-09-03 13:28:53,853 INFO  [org.wildfly.extension.undertow] (MSC service thread 1-5) WFLYUT0019: Host default-host stopping
2026-09-03 13:28:53,854 INFO  [org.jboss.as.connector.subsystems.datasources] (MSC service thread 1-1) WFLYJCA0010: Unbound data source [java:jboss/datasources/ExampleDS]
2026-09-03 13:28:53,860 INFO  [org.wildfly.extension.undertow] (MSC service thread 1-5) WFLYUT0004: Undertow 2.3.0.Final stopping
2026-09-03 13:28:53,873 INFO  [org.jboss.as.connector.deployers.jdbc] (MSC service thread 1-2) WFLYJCA0019: Stopped Driver service with driver-name = h2
2026-09-03 13:28:53,943 FATAL [org.jboss.as.server] (Controller Boot Thread) WFLYSRV0056: Server boot has failed in an unrecoverable manner; exiting. See previous messages for details. - Server configuration file in use: standalone.xml
2026-09-03 13:28:53,956 INFO  [org.jboss.as] (MSC service thread 1-4) WFLYSRV0050: WildFly Full 27.0.1.Final (WildFly Core 19.0.1.Final) stopped in 7ms
2026-09-03 13:30:09,429 INFO  [org.jboss.as.server] (Thread-1) WFLYSRV0272: Suspending server
2026-09-03 13:30:09,437 INFO  [org.jboss.as.ejb3] (Thread-1) WFLYEJB0493: Jakarta Enterprise Beans subsystem suspension complete
2026-09-03 13:30:09,446 INFO  [org.jboss.as.server] (Thread-1) WFLYSRV0220: Server shutdown has been requested via an OS signal
2026-09-03 13:30:09,479 INFO  [org.jboss.as.connector.subsystems.datasources] (MSC service thread 1-3) WFLYJCA0010: Unbound data source [java:jboss/datasources/ExampleDS]
2026-09-03 13:30:09,480 INFO  [org.wildfly.extension.undertow] (MSC service thread 1-2) WFLYUT0019: Host default-host stopping
2026-09-03 13:30:09,481 INFO  [org.wildfly.extension.undertow] (MSC service thread 1-8) WFLYUT0008: Undertow HTTPS listener https suspending
2026-09-03 13:30:09,482 INFO  [org.jboss.as.mail.extension] (MSC service thread 1-5) WFLYMAIL0002: Unbound mail session [java:jboss/mail/Default]
2026-09-03 13:30:09,489 INFO  [org.wildfly.extension.undertow] (MSC service thread 1-8) WFLYUT0007: Undertow HTTPS listener https stopped, was bound to 127.0.0.1:8443
2026-09-03 13:30:09,490 INFO  [org.jboss.as.connector.deployers.jdbc] (MSC service thread 1-1) WFLYJCA0019: Stopped Driver service with driver-name = h2
2026-09-03 13:30:09,492 INFO  [org.wildfly.extension.undertow] (MSC service thread 1-1) WFLYUT0004: Undertow 2.3.0.Final stopping
2026-09-03 13:30:09,504 INFO  [org.jboss.as] (MSC service thread 1-4) WFLYSRV0050: WildFly Full 27.0.1.Final (WildFly Core 19.0.1.Final) stopped in 44ms
2026-09-03 13:30:19,836 INFO  [org.jboss.modules] (main) JBoss Modules version 2.0.3.Final
2026-09-03 13:30:20,766 INFO  [org.jboss.msc] (main) JBoss MSC version 1.4.13.Final
2026-09-03 13:30:20,782 INFO  [org.jboss.threads] (main) JBoss Threads version 2.4.0.Final
2026-09-03 13:30:20,935 INFO  [org.jboss.as] (MSC service thread 1-2) WFLYSRV0049: WildFly Full 27.0.1.Final (WildFly Core 19.0.1.Final) starting
2026-09-03 13:30:20,937 DEBUG [org.jboss.as.config] (MSC service thread 1-2) Configured system properties:
	file.encoding = UTF-8
	file.separator = \
	java.awt.headless = true
	java.class.path = C:\Rayssoftware\DevOp\wildfly-27.0.1.Final\jboss-modules.jar
	java.class.version = 65.0
	java.home = C:\Program Files\Java\jdk-21.0.11
	java.io.tmpdir = C:\Users\AMEEN\AppData\Local\Temp\
	java.library.path = C:\Program Files\Java\jdk-21.0.11\bin;C:\Windows\Sun\Java\bin;C:\Windows\system32;C:\Windows;C:\Program Files\Java\jdk-21.0.11\bin;C:\Program Files\Git\cmd;C:\Windows\System32;C:\Windows;C:\Users\AMEEN\AppData\Local\Programs\DockerDesktop\resources\bin;C:\Users\AMEEN\AppData\Local\Programs\DockerDesktop\resources\bin;"C:\Program Files\Java\jdk-21.0.11\bin;C:\Program Files\Git\cmd;C:\Windows\System32;C:\Windows;C:\Users\AMEEN\AppData\Local\Programs\DockerDesktop\resources\bin;;C:\Program Files\Java\jdk-21.0.11\bin";C:\Users\AMEEN\AppData\Local\Programs\Microsoft VS Code\bin;C:\Windows\System32;C:\Windows;C:\Users\AMEEN\AppData\Local\Programs\mongosh\;.
	java.net.preferIPv4Stack = true
	java.runtime.name = Java(TM) SE Runtime Environment
	java.runtime.version = 21.0.11+9-LTS-211
	java.security.manager = allow
	java.specification.name = Java Platform API Specification
	java.specification.vendor = Oracle Corporation
	java.specification.version = 21
	java.util.logging.manager = org.jboss.logmanager.LogManager
	java.vendor = Oracle Corporation
	java.vendor.url = https://java.oracle.com/
	java.vendor.url.bug = https://bugreport.java.com/bugreport/
	java.version = 21.0.11
	java.version.date = 2026-04-21
	java.vm.compressedOopsMode = 32-bit
	java.vm.info = mixed mode, sharing
	java.vm.name = Java HotSpot(TM) 64-Bit Server VM
	java.vm.specification.name = Java Virtual Machine Specification
	java.vm.specification.vendor = Oracle Corporation
	java.vm.specification.version = 21
	java.vm.vendor = Oracle Corporation
	java.vm.version = 21.0.11+9-LTS-211
	javax.management.builder.initial = org.jboss.as.jmx.PluggableMBeanServerBuilder
	jboss.home.dir = C:\Rayssoftware\DevOp\wildfly-27.0.1.Final
	jboss.host.name = desktop-2gcr7a9
	jboss.modules.dir = C:\Rayssoftware\DevOp\wildfly-27.0.1.Final\modules
	jboss.modules.system.pkgs = org.jboss.byteman
	jboss.node.name = desktop-2gcr7a9
	jboss.qualified.host.name = desktop-2gcr7a9
	jboss.server.base.dir = C:\Rayssoftware\DevOp\wildfly-27.0.1.Final\standalone
	jboss.server.config.dir = C:\Rayssoftware\DevOp\wildfly-27.0.1.Final\standalone\configuration
	jboss.server.data.dir = C:\Rayssoftware\DevOp\wildfly-27.0.1.Final\standalone\data
	jboss.server.deploy.dir = C:\Rayssoftware\DevOp\wildfly-27.0.1.Final\standalone\data\content
	jboss.server.log.dir = C:\Rayssoftware\DevOp\wildfly-27.0.1.Final\standalone\log
	jboss.server.name = desktop-2gcr7a9
	jboss.server.persist.config = true
	jboss.server.temp.dir = C:\Rayssoftware\DevOp\wildfly-27.0.1.Final\standalone\tmp
	jdk.debug = release
	line.separator = 

	logging.configuration = file:C:\Rayssoftware\DevOp\wildfly-27.0.1.Final\standalone\configuration/logging.properties
	module.path = C:\Rayssoftware\DevOp\wildfly-27.0.1.Final\modules
	native.encoding = Cp1252
	org.jboss.boot.log.file = C:\Rayssoftware\DevOp\wildfly-27.0.1.Final\standalone\log\server.log
	org.jboss.resolver.warning = true
	os.arch = amd64
	os.name = Windows 10
	os.version = 10.0
	path.separator = ;
	program.name = standalone.bat
	stderr.encoding = cp437
	stdout.encoding = cp437
	sun.arch.data.model = 64
	sun.boot.library.path = C:\Program Files\Java\jdk-21.0.11\bin
	sun.cpu.endian = little
	sun.cpu.isalist = amd64
	sun.io.unicode.encoding = UnicodeLittle
	sun.java.command = C:\Rayssoftware\DevOp\wildfly-27.0.1.Final\jboss-modules.jar -mp C:\Rayssoftware\DevOp\wildfly-27.0.1.Final\modules org.jboss.as.standalone -Djboss.home.dir=C:\Rayssoftware\DevOp\wildfly-27.0.1.Final
	sun.java.launcher = SUN_STANDARD
	sun.jnu.encoding = Cp1252
	sun.management.compiler = HotSpot 64-Bit Tiered Compilers
	sun.os.patch.level = 
	user.country = IN
	user.dir = C:\Rayssoftware\DevOp\wildfly-27.0.1.Final\bin
	user.home = C:\Users\AMEEN
	user.language = en
	user.name = ADMIN
	user.script = 
	user.timezone = Asia/Calcutta
	user.variant = 
2026-09-03 13:30:20,940 DEBUG [org.jboss.as.config] (MSC service thread 1-2) VM Arguments: -Dprogram.name=standalone.bat -Xms64M -Xmx512M -XX:MetaspaceSize=96M -XX:MaxMetaspaceSize=256m -Djava.net.preferIPv4Stack=true -Djboss.modules.system.pkgs=org.jboss.byteman -Djava.awt.headless=true --add-exports=java.desktop/sun.awt=ALL-UNNAMED --add-exports=java.naming/com.sun.jndi.ldap=ALL-UNNAMED --add-exports=java.naming/com.sun.jndi.url.ldap=ALL-UNNAMED --add-exports=java.naming/com.sun.jndi.url.ldaps=ALL-UNNAMED --add-exports=jdk.naming.dns/com.sun.jndi.dns=ALL-UNNAMED --add-opens=java.base/java.lang=ALL-UNNAMED --add-opens=java.base/java.lang.invoke=ALL-UNNAMED --add-opens=java.base/java.io=ALL-UNNAMED --add-opens=java.base/java.lang.reflect=ALL-UNNAMED --add-opens=java.base/java.security=ALL-UNNAMED --add-opens=java.base/java.util=ALL-UNNAMED --add-opens=java.base/java.util.concurrent=ALL-UNNAMED --add-opens=java.management/javax.management=ALL-UNNAMED --add-opens=java.naming/javax.naming=ALL-UNNAMED -Djava.security.manager=allow -Dorg.jboss.boot.log.file=C:\Rayssoftware\DevOp\wildfly-27.0.1.Final\standalone\log\server.log -Dlogging.configuration=file:C:\Rayssoftware\DevOp\wildfly-27.0.1.Final\standalone\configuration/logging.properties 
2026-09-03 13:30:22,190 INFO  [org.wildfly.security] (ServerService Thread Pool -- 28) ELY00001: WildFly Elytron version 2.0.0.Final
2026-09-03 13:30:22,744 WARN  [org.jboss.as.controller] (ServerService Thread Pool -- 5) WFLYCTL0481: The runtime dependency package 'io.smallrye.opentracing-contrib' is already registered at location '/subsystem=microprofile-opentracing-smallrye'
2026-09-03 13:30:22,746 WARN  [org.jboss.as.controller] (ServerService Thread Pool -- 5) WFLYCTL0481: The runtime dependency package 'io.smallrye.opentracing-contrib' is already registered at location '/subsystem=microprofile-opentracing-smallrye'
2026-09-03 13:30:23,173 INFO  [org.jboss.as.controller.management-deprecated] (ServerService Thread Pool -- 21) WFLYCTL0028: Attribute 'cluster' in the resource at address '/subsystem=ejb3/service=remote' is deprecated, and may be removed in a future version. See the attribute description in the output of the read-resource-description operation to learn more about the deprecation.
2026-09-03 13:30:23,310 INFO  [org.jboss.as.server] (Controller Boot Thread) WFLYSRV0039: Creating http management service using socket-binding (management-http)
2026-09-03 13:30:23,341 INFO  [org.xnio] (MSC service thread 1-7) XNIO version 3.8.8.Final
2026-09-03 13:30:23,361 INFO  [org.xnio.nio] (MSC service thread 1-7) XNIO NIO Implementation Version 3.8.8.Final
2026-09-03 13:30:23,488 INFO  [org.jboss.as.connector.subsystems.datasources] (ServerService Thread Pool -- 45) WFLYJCA0004: Deploying JDBC-compliant driver class org.h2.Driver (version 2.1)
2026-09-03 13:30:23,639 INFO  [org.wildfly.extension.elytron.oidc._private] (ServerService Thread Pool -- 54) WFLYOIDC0001: Activating WildFly Elytron OIDC Subsystem
2026-09-03 13:30:23,715 WARN  [org.jboss.as.txn] (ServerService Thread Pool -- 76) WFLYTX0013: The node-identifier attribute on the /subsystem=transactions is set to the default value. This is a danger for environments running multiple servers. Please make sure the attribute value is unique.
2026-09-03 13:30:23,728 INFO  [org.jboss.as.jaxrs] (ServerService Thread Pool -- 58) WFLYRS0016: RESTEasy version 6.2.1.Final
2026-09-03 13:30:23,756 INFO  [org.wildfly.extension.io] (ServerService Thread Pool -- 57) WFLYIO001: Worker 'default' has auto-configured to 8 IO threads with 64 max task threads based on your 4 available processors
2026-09-03 13:30:23,757 INFO  [org.wildfly.extension.microprofile.jwt.smallrye] (ServerService Thread Pool -- 67) WFLYJWT0001: Activating MicroProfile JWT Subsystem
2026-09-03 13:30:23,762 INFO  [org.wildfly.extension.health] (ServerService Thread Pool -- 55) WFLYHEALTH0001: Activating Base Health Subsystem
2026-09-03 13:30:23,763 INFO  [org.wildfly.extension.microprofile.config.smallrye] (ServerService Thread Pool -- 66) WFLYCONF0001: Activating MicroProfile Config Subsystem
2026-09-03 13:30:23,770 INFO  [org.jboss.as.clustering.infinispan] (ServerService Thread Pool -- 56) WFLYCLINF0001: Activating Infinispan subsystem.
2026-09-03 13:30:23,782 INFO  [org.jboss.as.jsf] (ServerService Thread Pool -- 63) WFLYJSF0007: Activated the following Jakarta Server Faces Implementations: [main]
2026-09-03 13:30:23,801 INFO  [org.wildfly.extension.microprofile.opentracing] (ServerService Thread Pool -- 68) WFLYTRACEXT0001: Activating MicroProfile OpenTracing Subsystem
2026-09-03 13:30:23,811 INFO  [org.wildfly.extension.metrics] (ServerService Thread Pool -- 65) WFLYMETRICS0001: Activating Base Metrics Subsystem
2026-09-03 13:30:23,831 INFO  [org.jboss.as.naming] (ServerService Thread Pool -- 69) WFLYNAM0001: Activating Naming Subsystem
2026-09-03 13:30:23,858 INFO  [org.jboss.as.webservices] (ServerService Thread Pool -- 78) WFLYWS0002: Activating WebServices Extension
2026-09-03 13:30:23,905 INFO  [org.jboss.remoting] (MSC service thread 1-7) JBoss Remoting version 5.0.26.Final
2026-09-03 13:30:23,911 INFO  [org.wildfly.extension.undertow] (MSC service thread 1-4) WFLYUT0003: Undertow 2.3.0.Final starting
2026-09-03 13:30:23,930 WARN  [org.wildfly.extension.elytron] (MSC service thread 1-2) WFLYELY00023: KeyStore file 'C:\Rayssoftware\DevOp\wildfly-27.0.1.Final\standalone\configuration\application.keystore' does not exist. Used blank.
2026-09-03 13:30:24,013 INFO  [org.jboss.as.connector] (MSC service thread 1-1) WFLYJCA0009: Starting Jakarta Connectors Subsystem (WildFly/IronJacamar 1.5.9.Final)
2026-09-03 13:30:24,097 INFO  [org.jboss.as.connector.deployers.jdbc] (MSC service thread 1-2) WFLYJCA0018: Started Driver service with driver-name = h2
2026-09-03 13:30:24,127 WARN  [org.wildfly.extension.elytron] (MSC service thread 1-4) WFLYELY01084: KeyStore C:\Rayssoftware\DevOp\wildfly-27.0.1.Final\standalone\configuration\application.keystore not found, it will be auto generated on first use with a self-signed certificate for host localhost
2026-09-03 13:30:24,146 INFO  [org.jboss.as.naming] (MSC service thread 1-7) WFLYNAM0003: Starting Naming Service
2026-09-03 13:30:24,177 INFO  [org.jboss.as.mail.extension] (MSC service thread 1-1) WFLYMAIL0001: Bound mail session [java:jboss/mail/Default]
2026-09-03 13:30:24,215 INFO  [org.wildfly.extension.undertow] (ServerService Thread Pool -- 77) WFLYUT0014: Creating file handler for path 'C:\Rayssoftware\DevOp\wildfly-27.0.1.Final/welcome-content' with options [directory-listing: 'false', follow-symlink: 'false', case-sensitive: 'true', safe-symlink-paths: '[]']
2026-09-03 13:30:24,315 INFO  [org.jboss.as.ejb3] (MSC service thread 1-4) WFLYEJB0482: Strict pool mdb-strict-max-pool is using a max instance size of 16 (per class), which is derived from the number of CPUs on this host.
2026-09-03 13:30:24,315 INFO  [org.jboss.as.ejb3] (MSC service thread 1-3) WFLYEJB0481: Strict pool slsb-strict-max-pool is using a max instance size of 64 (per class), which is derived from thread worker pool sizing.
2026-09-03 13:30:24,324 INFO  [org.wildfly.extension.undertow] (MSC service thread 1-5) WFLYUT0012: Started server default-server.
2026-09-03 13:30:24,395 INFO  [org.wildfly.extension.undertow] (MSC service thread 1-5) Queuing requests.
2026-09-03 13:30:24,405 INFO  [org.wildfly.extension.undertow] (MSC service thread 1-5) WFLYUT0018: Host default-host starting
2026-09-03 13:30:24,724 INFO  [org.wildfly.extension.undertow] (MSC service thread 1-6) WFLYUT0006: Undertow HTTP listener default listening on 127.0.0.1:8081
2026-09-03 13:30:24,787 INFO  [org.jboss.as.ejb3] (MSC service thread 1-4) WFLYEJB0493: Jakarta Enterprise Beans subsystem suspension complete
2026-09-03 13:30:24,885 INFO  [org.wildfly.extension.undertow] (MSC service thread 1-4) WFLYUT0006: Undertow HTTPS listener https listening on 127.0.0.1:8443
2026-09-03 13:30:25,065 INFO  [org.jboss.as.connector.subsystems.datasources] (MSC service thread 1-8) WFLYJCA0001: Bound data source [java:jboss/datasources/ExampleDS]
2026-09-03 13:30:25,225 INFO  [org.jboss.as.server.deployment.scanner] (MSC service thread 1-2) WFLYDS0013: Started FileSystemDeploymentService for directory C:\Rayssoftware\DevOp\wildfly-27.0.1.Final\standalone\deployments
2026-09-03 13:30:25,225 INFO  [org.jboss.as.patching] (MSC service thread 1-8) WFLYPAT0050: WildFly Full cumulative patch ID is: base, one-off patches include: none
2026-09-03 13:30:25,375 INFO  [org.jboss.ws.common.management] (MSC service thread 1-3) JBWS022052: Starting JBossWS 6.1.0.Final (Apache CXF 3.5.2.jbossorg-4) 
2026-09-03 13:30:25,540 INFO  [org.jboss.as.server] (Controller Boot Thread) WFLYSRV0212: Resuming server
2026-09-03 13:30:25,544 INFO  [org.jboss.as] (Controller Boot Thread) WFLYSRV0025: WildFly Full 27.0.1.Final (WildFly Core 19.0.1.Final) started in 6182ms - Started 290 of 563 services (357 services are lazy, passive or on-demand) - Server configuration file in use: standalone.xml
2026-09-03 13:30:25,550 INFO  [org.jboss.as] (Controller Boot Thread) WFLYSRV0060: Http management interface listening on http://127.0.0.1:9990/management
2026-09-03 13:30:25,552 INFO  [org.jboss.as] (Controller Boot Thread) WFLYSRV0051: Admin console listening on http://127.0.0.1:9990
2026-09-03 13:38:28,701 INFO  [org.jboss.as.server] (Thread-1) WFLYSRV0272: Suspending server
2026-09-03 13:38:28,710 INFO  [org.jboss.as.ejb3] (Thread-1) WFLYEJB0493: Jakarta Enterprise Beans subsystem suspension complete
2026-09-03 13:38:28,722 INFO  [org.jboss.as.server] (Thread-1) WFLYSRV0220: Server shutdown has been requested via an OS signal
2026-09-03 13:38:28,765 INFO  [org.jboss.as.connector.subsystems.datasources] (MSC service thread 1-7) WFLYJCA0010: Unbound data source [java:jboss/datasources/ExampleDS]
2026-09-03 13:38:28,767 INFO  [org.wildfly.extension.undertow] (MSC service thread 1-6) WFLYUT0019: Host default-host stopping
2026-09-03 13:38:28,767 INFO  [org.jboss.as.mail.extension] (MSC service thread 1-8) WFLYMAIL0002: Unbound mail session [java:jboss/mail/Default]
2026-09-03 13:38:28,773 INFO  [org.wildfly.extension.undertow] (MSC service thread 1-1) WFLYUT0008: Undertow HTTPS listener https suspending
2026-09-03 13:38:28,774 INFO  [org.wildfly.extension.undertow] (MSC service thread 1-8) WFLYUT0008: Undertow HTTP listener default suspending
2026-09-03 13:38:28,777 INFO  [org.wildfly.extension.undertow] (MSC service thread 1-8) WFLYUT0007: Undertow HTTP listener default stopped, was bound to 127.0.0.1:8081
2026-09-03 13:38:28,784 INFO  [org.jboss.as.connector.deployers.jdbc] (MSC service thread 1-6) WFLYJCA0019: Stopped Driver service with driver-name = h2
2026-09-03 13:38:28,794 INFO  [org.wildfly.extension.undertow] (MSC service thread 1-1) WFLYUT0007: Undertow HTTPS listener https stopped, was bound to 127.0.0.1:8443
2026-09-03 13:38:28,799 INFO  [org.wildfly.extension.undertow] (MSC service thread 1-5) WFLYUT0004: Undertow 2.3.0.Final stopping
2026-09-03 13:38:28,819 INFO  [org.jboss.as] (MSC service thread 1-1) WFLYSRV0050: WildFly Full 27.0.1.Final (WildFly Core 19.0.1.Final) stopped in 73ms
