03-Sep-2026 12:45:59.381 INFO [main] org.apache.catalina.startup.VersionLoggerListener.log Server version name:   Apache Tomcat/11.0.24
03-Sep-2026 12:45:59.390 INFO [main] org.apache.catalina.startup.VersionLoggerListener.log Server built:          Jul 3 2026 07:01:34 UTC
03-Sep-2026 12:45:59.390 INFO [main] org.apache.catalina.startup.VersionLoggerListener.log Server version number: 11.0.24.0
03-Sep-2026 12:45:59.391 INFO [main] org.apache.catalina.startup.VersionLoggerListener.log OS Name:               Windows 10
03-Sep-2026 12:45:59.391 INFO [main] org.apache.catalina.startup.VersionLoggerListener.log OS Version:            10.0
03-Sep-2026 12:45:59.391 INFO [main] org.apache.catalina.startup.VersionLoggerListener.log Architecture:          amd64
03-Sep-2026 12:45:59.392 INFO [main] org.apache.catalina.startup.VersionLoggerListener.log Java Home:             C:\Program Files\Java\jdk-21.0.11
03-Sep-2026 12:45:59.392 INFO [main] org.apache.catalina.startup.VersionLoggerListener.log JVM Version:           21.0.11+9-LTS-211
03-Sep-2026 12:45:59.392 INFO [main] org.apache.catalina.startup.VersionLoggerListener.log JVM Vendor:            Oracle Corporation
03-Sep-2026 12:45:59.393 INFO [main] org.apache.catalina.startup.VersionLoggerListener.log CATALINA_BASE:         C:\Rayssoftware\DevOp\apache-tomcat-11.0.24
03-Sep-2026 12:45:59.393 INFO [main] org.apache.catalina.startup.VersionLoggerListener.log CATALINA_HOME:         C:\Rayssoftware\DevOp\apache-tomcat-11.0.24
03-Sep-2026 12:45:59.417 INFO [main] org.apache.catalina.startup.VersionLoggerListener.log Command line argument: -Djava.util.logging.config.file=C:\Rayssoftware\DevOp\apache-tomcat-11.0.24\conf\logging.properties
03-Sep-2026 12:45:59.417 INFO [main] org.apache.catalina.startup.VersionLoggerListener.log Command line argument: -Djava.util.logging.manager=org.apache.juli.ClassLoaderLogManager
03-Sep-2026 12:45:59.418 INFO [main] org.apache.catalina.startup.VersionLoggerListener.log Command line argument: -Djdk.tls.ephemeralDHKeySize=2048
03-Sep-2026 12:45:59.418 INFO [main] org.apache.catalina.startup.VersionLoggerListener.log Command line argument: --add-opens=java.base/java.lang=ALL-UNNAMED
03-Sep-2026 12:45:59.418 INFO [main] org.apache.catalina.startup.VersionLoggerListener.log Command line argument: --add-opens=java.base/java.lang.reflect=ALL-UNNAMED
03-Sep-2026 12:45:59.419 INFO [main] org.apache.catalina.startup.VersionLoggerListener.log Command line argument: --add-opens=java.base/java.io=ALL-UNNAMED
03-Sep-2026 12:45:59.420 INFO [main] org.apache.catalina.startup.VersionLoggerListener.log Command line argument: --add-opens=java.base/java.util=ALL-UNNAMED
03-Sep-2026 12:45:59.421 INFO [main] org.apache.catalina.startup.VersionLoggerListener.log Command line argument: --add-opens=java.base/java.util.concurrent=ALL-UNNAMED
03-Sep-2026 12:45:59.422 INFO [main] org.apache.catalina.startup.VersionLoggerListener.log Command line argument: --add-opens=java.rmi/sun.rmi.transport=ALL-UNNAMED
03-Sep-2026 12:45:59.423 INFO [main] org.apache.catalina.startup.VersionLoggerListener.log Command line argument: --enable-native-access=ALL-UNNAMED
03-Sep-2026 12:45:59.424 INFO [main] org.apache.catalina.startup.VersionLoggerListener.log Command line argument: -Dcatalina.base=C:\Rayssoftware\DevOp\apache-tomcat-11.0.24
03-Sep-2026 12:45:59.429 INFO [main] org.apache.catalina.startup.VersionLoggerListener.log Command line argument: -Dcatalina.home=C:\Rayssoftware\DevOp\apache-tomcat-11.0.24
03-Sep-2026 12:45:59.430 INFO [main] org.apache.catalina.startup.VersionLoggerListener.log Command line argument: -Djava.io.tmpdir=C:\Rayssoftware\DevOp\apache-tomcat-11.0.24\temp
03-Sep-2026 12:45:59.439 INFO [main] org.apache.catalina.core.AprLifecycleListener.lifecycleEvent Loaded Apache Tomcat Native library [2.0.15] using APR version [1.7.6].
03-Sep-2026 12:45:59.476 INFO [main] org.apache.catalina.core.AprLifecycleListener.initializeSSL OpenSSL successfully initialized [OpenSSL 3.5.7 9 Jun 2026]
03-Sep-2026 12:46:00.081 INFO [main] org.apache.coyote.AbstractProtocol.init Initializing ProtocolHandler ["http-nio-8080"]
03-Sep-2026 12:46:00.184 INFO [main] org.apache.catalina.startup.Catalina.load Server initialization in [1170] milliseconds
03-Sep-2026 12:46:00.316 INFO [main] org.apache.catalina.core.StandardService.startInternal Starting service [Catalina]
03-Sep-2026 12:46:00.317 INFO [main] org.apache.catalina.core.StandardEngine.startInternal Starting Servlet engine: [Apache Tomcat/11.0.24]
03-Sep-2026 12:46:00.350 INFO [main] org.apache.catalina.startup.HostConfig.deployDirectory Deploying web application directory [C:\Rayssoftware\DevOp\apache-tomcat-11.0.24\webapps\docs]
03-Sep-2026 12:46:01.035 INFO [main] org.apache.catalina.startup.HostConfig.deployDirectory Deployment of web application directory [C:\Rayssoftware\DevOp\apache-tomcat-11.0.24\webapps\docs] has finished in [684] ms
03-Sep-2026 12:46:01.036 INFO [main] org.apache.catalina.startup.HostConfig.deployDirectory Deploying web application directory [C:\Rayssoftware\DevOp\apache-tomcat-11.0.24\webapps\examples]
03-Sep-2026 12:46:01.810 INFO [main] org.apache.catalina.startup.HostConfig.deployDirectory Deployment of web application directory [C:\Rayssoftware\DevOp\apache-tomcat-11.0.24\webapps\examples] has finished in [774] ms
03-Sep-2026 12:46:01.811 INFO [main] org.apache.catalina.startup.HostConfig.deployDirectory Deploying web application directory [C:\Rayssoftware\DevOp\apache-tomcat-11.0.24\webapps\host-manager]
03-Sep-2026 12:46:01.889 INFO [main] org.apache.catalina.startup.HostConfig.deployDirectory Deployment of web application directory [C:\Rayssoftware\DevOp\apache-tomcat-11.0.24\webapps\host-manager] has finished in [78] ms
03-Sep-2026 12:46:01.890 INFO [main] org.apache.catalina.startup.HostConfig.deployDirectory Deploying web application directory [C:\Rayssoftware\DevOp\apache-tomcat-11.0.24\webapps\manager]
03-Sep-2026 12:46:01.956 INFO [main] org.apache.catalina.startup.HostConfig.deployDirectory Deployment of web application directory [C:\Rayssoftware\DevOp\apache-tomcat-11.0.24\webapps\manager] has finished in [66] ms
03-Sep-2026 12:46:01.958 INFO [main] org.apache.catalina.startup.HostConfig.deployDirectory Deploying web application directory [C:\Rayssoftware\DevOp\apache-tomcat-11.0.24\webapps\ROOT]
03-Sep-2026 12:46:02.015 INFO [main] org.apache.catalina.startup.HostConfig.deployDirectory Deployment of web application directory [C:\Rayssoftware\DevOp\apache-tomcat-11.0.24\webapps\ROOT] has finished in [57] ms
03-Sep-2026 12:46:02.026 INFO [main] org.apache.coyote.AbstractProtocol.start Starting ProtocolHandler ["http-nio-8080"]
03-Sep-2026 12:46:02.084 INFO [main] org.apache.catalina.startup.Catalina.start Server startup in [1896] milliseconds
03-Sep-2026 12:47:10.138 INFO [main] org.apache.catalina.startup.VersionLoggerListener.log Server version name:   Apache Tomcat/11.0.24
03-Sep-2026 12:47:10.146 INFO [main] org.apache.catalina.startup.VersionLoggerListener.log Server built:          Jul 3 2026 07:01:34 UTC
03-Sep-2026 12:47:10.147 INFO [main] org.apache.catalina.startup.VersionLoggerListener.log Server version number: 11.0.24.0
03-Sep-2026 12:47:10.147 INFO [main] org.apache.catalina.startup.VersionLoggerListener.log OS Name:               Windows 10
03-Sep-2026 12:47:10.147 INFO [main] org.apache.catalina.startup.VersionLoggerListener.log OS Version:            10.0
03-Sep-2026 12:47:10.148 INFO [main] org.apache.catalina.startup.VersionLoggerListener.log Architecture:          amd64
03-Sep-2026 12:47:10.149 INFO [main] org.apache.catalina.startup.VersionLoggerListener.log Java Home:             C:\Program Files\Java\jdk-21.0.11
03-Sep-2026 12:47:10.149 INFO [main] org.apache.catalina.startup.VersionLoggerListener.log JVM Version:           21.0.11+9-LTS-211
03-Sep-2026 12:47:10.150 INFO [main] org.apache.catalina.startup.VersionLoggerListener.log JVM Vendor:            Oracle Corporation
03-Sep-2026 12:47:10.150 INFO [main] org.apache.catalina.startup.VersionLoggerListener.log CATALINA_BASE:         C:\Rayssoftware\DevOp\apache-tomcat-11.0.24
03-Sep-2026 12:47:10.150 INFO [main] org.apache.catalina.startup.VersionLoggerListener.log CATALINA_HOME:         C:\Rayssoftware\DevOp\apache-tomcat-11.0.24
03-Sep-2026 12:47:10.168 INFO [main] org.apache.catalina.startup.VersionLoggerListener.log Command line argument: -Djava.util.logging.config.file=C:\Rayssoftware\DevOp\apache-tomcat-11.0.24\conf\logging.properties
03-Sep-2026 12:47:10.168 INFO [main] org.apache.catalina.startup.VersionLoggerListener.log Command line argument: -Djava.util.logging.manager=org.apache.juli.ClassLoaderLogManager
03-Sep-2026 12:47:10.169 INFO [main] org.apache.catalina.startup.VersionLoggerListener.log Command line argument: -Djdk.tls.ephemeralDHKeySize=2048
03-Sep-2026 12:47:10.169 INFO [main] org.apache.catalina.startup.VersionLoggerListener.log Command line argument: --add-opens=java.base/java.lang=ALL-UNNAMED
03-Sep-2026 12:47:10.169 INFO [main] org.apache.catalina.startup.VersionLoggerListener.log Command line argument: --add-opens=java.base/java.lang.reflect=ALL-UNNAMED
03-Sep-2026 12:47:10.170 INFO [main] org.apache.catalina.startup.VersionLoggerListener.log Command line argument: --add-opens=java.base/java.io=ALL-UNNAMED
03-Sep-2026 12:47:10.171 INFO [main] org.apache.catalina.startup.VersionLoggerListener.log Command line argument: --add-opens=java.base/java.util=ALL-UNNAMED
03-Sep-2026 12:47:10.172 INFO [main] org.apache.catalina.startup.VersionLoggerListener.log Command line argument: --add-opens=java.base/java.util.concurrent=ALL-UNNAMED
03-Sep-2026 12:47:10.173 INFO [main] org.apache.catalina.startup.VersionLoggerListener.log Command line argument: --add-opens=java.rmi/sun.rmi.transport=ALL-UNNAMED
03-Sep-2026 12:47:10.177 INFO [main] org.apache.catalina.startup.VersionLoggerListener.log Command line argument: --enable-native-access=ALL-UNNAMED
03-Sep-2026 12:47:10.178 INFO [main] org.apache.catalina.startup.VersionLoggerListener.log Command line argument: -Dcatalina.base=C:\Rayssoftware\DevOp\apache-tomcat-11.0.24
03-Sep-2026 12:47:10.179 INFO [main] org.apache.catalina.startup.VersionLoggerListener.log Command line argument: -Dcatalina.home=C:\Rayssoftware\DevOp\apache-tomcat-11.0.24
03-Sep-2026 12:47:10.180 INFO [main] org.apache.catalina.startup.VersionLoggerListener.log Command line argument: -Djava.io.tmpdir=C:\Rayssoftware\DevOp\apache-tomcat-11.0.24\temp
03-Sep-2026 12:47:10.183 INFO [main] org.apache.catalina.core.AprLifecycleListener.lifecycleEvent Loaded Apache Tomcat Native library [2.0.15] using APR version [1.7.6].
03-Sep-2026 12:47:10.195 INFO [main] org.apache.catalina.core.AprLifecycleListener.initializeSSL OpenSSL successfully initialized [OpenSSL 3.5.7 9 Jun 2026]
03-Sep-2026 12:47:10.752 INFO [main] org.apache.coyote.AbstractProtocol.init Initializing ProtocolHandler ["http-nio-8080"]
03-Sep-2026 12:47:10.786 SEVERE [main] org.apache.catalina.util.LifecycleBase.handleSubClassException Failed to initialize component [Connector["http-nio-8080"]]
	org.apache.catalina.LifecycleException: Protocol handler initialization failed
		at org.apache.catalina.connector.Connector.initInternal(Connector.java:1289)
		at org.apache.catalina.util.LifecycleBase.init(LifecycleBase.java:128)
		at org.apache.catalina.core.StandardService.initInternal(StandardService.java:543)
		at org.apache.catalina.util.LifecycleBase.init(LifecycleBase.java:128)
		at org.apache.catalina.core.StandardServer.initInternal(StandardServer.java:958)
		at org.apache.catalina.util.LifecycleBase.init(LifecycleBase.java:128)
		at org.apache.catalina.startup.Catalina.load(Catalina.java:832)
		at org.apache.catalina.startup.Catalina.load(Catalina.java:857)
		at java.base/jdk.internal.reflect.DirectMethodHandleAccessor.invoke(DirectMethodHandleAccessor.java:103)
		at java.base/java.lang.reflect.Method.invoke(Method.java:580)
		at org.apache.catalina.startup.Bootstrap.load(Bootstrap.java:302)
		at org.apache.catalina.startup.Bootstrap.main(Bootstrap.java:481)
	Caused by: java.net.BindException: Address already in use: bind
		at java.base/sun.nio.ch.Net.bind0(Native Method)
		at java.base/sun.nio.ch.Net.bind(Net.java:573)
		at java.base/sun.nio.ch.ServerSocketChannelImpl.netBind(ServerSocketChannelImpl.java:344)
		at java.base/sun.nio.ch.ServerSocketChannelImpl.bind(ServerSocketChannelImpl.java:301)
		at org.apache.tomcat.util.net.NioEndpoint.initServerSocket(NioEndpoint.java:339)
		at org.apache.tomcat.util.net.NioEndpoint.bind(NioEndpoint.java:289)
		at org.apache.tomcat.util.net.AbstractEndpoint.bindWithCleanup(AbstractEndpoint.java:2188)
		at org.apache.tomcat.util.net.AbstractEndpoint.init(AbstractEndpoint.java:2206)
		at org.apache.coyote.AbstractProtocol.init(AbstractProtocol.java:958)
		at org.apache.coyote.http11.AbstractHttp11Protocol.init(AbstractHttp11Protocol.java:96)
		at org.apache.catalina.connector.Connector.initInternal(Connector.java:1287)
		... 11 more
03-Sep-2026 12:47:10.789 INFO [main] org.apache.catalina.startup.Catalina.load Server initialization in [964] milliseconds
03-Sep-2026 12:47:10.877 INFO [main] org.apache.catalina.core.StandardService.startInternal Starting service [Catalina]
03-Sep-2026 12:47:10.879 INFO [main] org.apache.catalina.core.StandardEngine.startInternal Starting Servlet engine: [Apache Tomcat/11.0.24]
03-Sep-2026 12:47:10.909 INFO [main] org.apache.catalina.startup.HostConfig.deployDirectory Deploying web application directory [C:\Rayssoftware\DevOp\apache-tomcat-11.0.24\webapps\docs]
03-Sep-2026 12:47:11.432 INFO [main] org.apache.catalina.startup.HostConfig.deployDirectory Deployment of web application directory [C:\Rayssoftware\DevOp\apache-tomcat-11.0.24\webapps\docs] has finished in [522] ms
03-Sep-2026 12:47:11.434 INFO [main] org.apache.catalina.startup.HostConfig.deployDirectory Deploying web application directory [C:\Rayssoftware\DevOp\apache-tomcat-11.0.24\webapps\examples]
03-Sep-2026 12:47:12.097 INFO [main] org.apache.catalina.startup.HostConfig.deployDirectory Deployment of web application directory [C:\Rayssoftware\DevOp\apache-tomcat-11.0.24\webapps\examples] has finished in [664] ms
03-Sep-2026 12:47:12.098 INFO [main] org.apache.catalina.startup.HostConfig.deployDirectory Deploying web application directory [C:\Rayssoftware\DevOp\apache-tomcat-11.0.24\webapps\host-manager]
03-Sep-2026 12:47:12.177 INFO [main] org.apache.catalina.startup.HostConfig.deployDirectory Deployment of web application directory [C:\Rayssoftware\DevOp\apache-tomcat-11.0.24\webapps\host-manager] has finished in [79] ms
03-Sep-2026 12:47:12.178 INFO [main] org.apache.catalina.startup.HostConfig.deployDirectory Deploying web application directory [C:\Rayssoftware\DevOp\apache-tomcat-11.0.24\webapps\manager]
03-Sep-2026 12:47:12.244 INFO [main] org.apache.catalina.startup.HostConfig.deployDirectory Deployment of web application directory [C:\Rayssoftware\DevOp\apache-tomcat-11.0.24\webapps\manager] has finished in [65] ms
03-Sep-2026 12:47:12.245 INFO [main] org.apache.catalina.startup.HostConfig.deployDirectory Deploying web application directory [C:\Rayssoftware\DevOp\apache-tomcat-11.0.24\webapps\ROOT]
03-Sep-2026 12:47:12.305 INFO [main] org.apache.catalina.startup.HostConfig.deployDirectory Deployment of web application directory [C:\Rayssoftware\DevOp\apache-tomcat-11.0.24\webapps\ROOT] has finished in [60] ms
03-Sep-2026 12:47:12.317 INFO [main] org.apache.catalina.startup.Catalina.start Server startup in [1521] milliseconds
03-Sep-2026 12:47:12.357 SEVERE [main] org.apache.catalina.core.StandardServer.await Failed to create server shutdown socket on address [localhost] and port [8005] (base port [8005] and offset [0])
	java.net.BindException: Address already in use: bind
		at java.base/sun.nio.ch.Net.bind0(Native Method)
		at java.base/sun.nio.ch.Net.bind(Net.java:573)
		at java.base/sun.nio.ch.Net.bind(Net.java:562)
		at java.base/sun.nio.ch.NioSocketImpl.bind(NioSocketImpl.java:636)
		at java.base/java.net.ServerSocket.bind(ServerSocket.java:391)
		at java.base/java.net.ServerSocket.<init>(ServerSocket.java:278)
		at org.apache.catalina.core.StandardServer.await(StandardServer.java:535)
		at org.apache.catalina.startup.Catalina.await(Catalina.java:973)
		at org.apache.catalina.startup.Catalina.start(Catalina.java:921)
		at java.base/jdk.internal.reflect.DirectMethodHandleAccessor.invoke(DirectMethodHandleAccessor.java:103)
		at java.base/java.lang.reflect.Method.invoke(Method.java:580)
		at org.apache.catalina.startup.Bootstrap.start(Bootstrap.java:345)
		at org.apache.catalina.startup.Bootstrap.main(Bootstrap.java:482)
03-Sep-2026 12:47:12.364 INFO [main] org.apache.coyote.AbstractProtocol.pause Pausing ProtocolHandler ["http-nio-8080"]
03-Sep-2026 12:47:12.364 INFO [main] org.apache.catalina.core.StandardService.stopInternal Stopping service [Catalina]
03-Sep-2026 12:47:12.405 INFO [main] org.apache.coyote.AbstractProtocol.stop Stopping ProtocolHandler ["http-nio-8080"]
03-Sep-2026 12:47:12.408 INFO [main] org.apache.coyote.AbstractProtocol.destroy Destroying ProtocolHandler ["http-nio-8080"]
03-Sep-2026 12:48:30.400 INFO [main] org.apache.catalina.startup.VersionLoggerListener.log Server version name:   Apache Tomcat/11.0.24
03-Sep-2026 12:48:30.407 INFO [main] org.apache.catalina.startup.VersionLoggerListener.log Server built:          Jul 3 2026 07:01:34 UTC
03-Sep-2026 12:48:30.407 INFO [main] org.apache.catalina.startup.VersionLoggerListener.log Server version number: 11.0.24.0
03-Sep-2026 12:48:30.408 INFO [main] org.apache.catalina.startup.VersionLoggerListener.log OS Name:               Windows 10
03-Sep-2026 12:48:30.408 INFO [main] org.apache.catalina.startup.VersionLoggerListener.log OS Version:            10.0
03-Sep-2026 12:48:30.408 INFO [main] org.apache.catalina.startup.VersionLoggerListener.log Architecture:          amd64
03-Sep-2026 12:48:30.409 INFO [main] org.apache.catalina.startup.VersionLoggerListener.log Java Home:             C:\Program Files\Java\jdk-21.0.11
03-Sep-2026 12:48:30.410 INFO [main] org.apache.catalina.startup.VersionLoggerListener.log JVM Version:           21.0.11+9-LTS-211
03-Sep-2026 12:48:30.410 INFO [main] org.apache.catalina.startup.VersionLoggerListener.log JVM Vendor:            Oracle Corporation
03-Sep-2026 12:48:30.411 INFO [main] org.apache.catalina.startup.VersionLoggerListener.log CATALINA_BASE:         C:\Rayssoftware\DevOp\apache-tomcat-11.0.24
03-Sep-2026 12:48:30.411 INFO [main] org.apache.catalina.startup.VersionLoggerListener.log CATALINA_HOME:         C:\Rayssoftware\DevOp\apache-tomcat-11.0.24
03-Sep-2026 12:48:30.426 INFO [main] org.apache.catalina.startup.VersionLoggerListener.log Command line argument: -Djava.util.logging.config.file=C:\Rayssoftware\DevOp\apache-tomcat-11.0.24\conf\logging.properties
03-Sep-2026 12:48:30.426 INFO [main] org.apache.catalina.startup.VersionLoggerListener.log Command line argument: -Djava.util.logging.manager=org.apache.juli.ClassLoaderLogManager
03-Sep-2026 12:48:30.427 INFO [main] org.apache.catalina.startup.VersionLoggerListener.log Command line argument: -Djdk.tls.ephemeralDHKeySize=2048
03-Sep-2026 12:48:30.427 INFO [main] org.apache.catalina.startup.VersionLoggerListener.log Command line argument: --add-opens=java.base/java.lang=ALL-UNNAMED
03-Sep-2026 12:48:30.427 INFO [main] org.apache.catalina.startup.VersionLoggerListener.log Command line argument: --add-opens=java.base/java.lang.reflect=ALL-UNNAMED
03-Sep-2026 12:48:30.431 INFO [main] org.apache.catalina.startup.VersionLoggerListener.log Command line argument: --add-opens=java.base/java.io=ALL-UNNAMED
03-Sep-2026 12:48:30.432 INFO [main] org.apache.catalina.startup.VersionLoggerListener.log Command line argument: --add-opens=java.base/java.util=ALL-UNNAMED
03-Sep-2026 12:48:30.433 INFO [main] org.apache.catalina.startup.VersionLoggerListener.log Command line argument: --add-opens=java.base/java.util.concurrent=ALL-UNNAMED
03-Sep-2026 12:48:30.434 INFO [main] org.apache.catalina.startup.VersionLoggerListener.log Command line argument: --add-opens=java.rmi/sun.rmi.transport=ALL-UNNAMED
03-Sep-2026 12:48:30.435 INFO [main] org.apache.catalina.startup.VersionLoggerListener.log Command line argument: --enable-native-access=ALL-UNNAMED
03-Sep-2026 12:48:30.435 INFO [main] org.apache.catalina.startup.VersionLoggerListener.log Command line argument: -Dcatalina.base=C:\Rayssoftware\DevOp\apache-tomcat-11.0.24
03-Sep-2026 12:48:30.436 INFO [main] org.apache.catalina.startup.VersionLoggerListener.log Command line argument: -Dcatalina.home=C:\Rayssoftware\DevOp\apache-tomcat-11.0.24
03-Sep-2026 12:48:30.437 INFO [main] org.apache.catalina.startup.VersionLoggerListener.log Command line argument: -Djava.io.tmpdir=C:\Rayssoftware\DevOp\apache-tomcat-11.0.24\temp
03-Sep-2026 12:48:30.441 INFO [main] org.apache.catalina.core.AprLifecycleListener.lifecycleEvent Loaded Apache Tomcat Native library [2.0.15] using APR version [1.7.6].
03-Sep-2026 12:48:30.451 INFO [main] org.apache.catalina.core.AprLifecycleListener.initializeSSL OpenSSL successfully initialized [OpenSSL 3.5.7 9 Jun 2026]
03-Sep-2026 12:48:30.944 INFO [main] org.apache.coyote.AbstractProtocol.init Initializing ProtocolHandler ["http-nio-8080"]
03-Sep-2026 12:48:30.975 SEVERE [main] org.apache.catalina.util.LifecycleBase.handleSubClassException Failed to initialize component [Connector["http-nio-8080"]]
	org.apache.catalina.LifecycleException: Protocol handler initialization failed
		at org.apache.catalina.connector.Connector.initInternal(Connector.java:1289)
		at org.apache.catalina.util.LifecycleBase.init(LifecycleBase.java:128)
		at org.apache.catalina.core.StandardService.initInternal(StandardService.java:543)
		at org.apache.catalina.util.LifecycleBase.init(LifecycleBase.java:128)
		at org.apache.catalina.core.StandardServer.initInternal(StandardServer.java:958)
		at org.apache.catalina.util.LifecycleBase.init(LifecycleBase.java:128)
		at org.apache.catalina.startup.Catalina.load(Catalina.java:832)
		at org.apache.catalina.startup.Catalina.load(Catalina.java:857)
		at java.base/jdk.internal.reflect.DirectMethodHandleAccessor.invoke(DirectMethodHandleAccessor.java:103)
		at java.base/java.lang.reflect.Method.invoke(Method.java:580)
		at org.apache.catalina.startup.Bootstrap.load(Bootstrap.java:302)
		at org.apache.catalina.startup.Bootstrap.main(Bootstrap.java:481)
	Caused by: java.net.BindException: Address already in use: bind
		at java.base/sun.nio.ch.Net.bind0(Native Method)
		at java.base/sun.nio.ch.Net.bind(Net.java:573)
		at java.base/sun.nio.ch.ServerSocketChannelImpl.netBind(ServerSocketChannelImpl.java:344)
		at java.base/sun.nio.ch.ServerSocketChannelImpl.bind(ServerSocketChannelImpl.java:301)
		at org.apache.tomcat.util.net.NioEndpoint.initServerSocket(NioEndpoint.java:339)
		at org.apache.tomcat.util.net.NioEndpoint.bind(NioEndpoint.java:289)
		at org.apache.tomcat.util.net.AbstractEndpoint.bindWithCleanup(AbstractEndpoint.java:2188)
		at org.apache.tomcat.util.net.AbstractEndpoint.init(AbstractEndpoint.java:2206)
		at org.apache.coyote.AbstractProtocol.init(AbstractProtocol.java:958)
		at org.apache.coyote.http11.AbstractHttp11Protocol.init(AbstractHttp11Protocol.java:96)
		at org.apache.catalina.connector.Connector.initInternal(Connector.java:1287)
		... 11 more
03-Sep-2026 12:48:30.978 INFO [main] org.apache.catalina.startup.Catalina.load Server initialization in [892] milliseconds
03-Sep-2026 12:48:31.066 INFO [main] org.apache.catalina.core.StandardService.startInternal Starting service [Catalina]
03-Sep-2026 12:48:31.070 INFO [main] org.apache.catalina.core.StandardEngine.startInternal Starting Servlet engine: [Apache Tomcat/11.0.24]
03-Sep-2026 12:48:31.097 INFO [main] org.apache.catalina.startup.HostConfig.deployDirectory Deploying web application directory [C:\Rayssoftware\DevOp\apache-tomcat-11.0.24\webapps\docs]
03-Sep-2026 12:48:31.704 INFO [main] org.apache.catalina.startup.HostConfig.deployDirectory Deployment of web application directory [C:\Rayssoftware\DevOp\apache-tomcat-11.0.24\webapps\docs] has finished in [606] ms
03-Sep-2026 12:48:31.705 INFO [main] org.apache.catalina.startup.HostConfig.deployDirectory Deploying web application directory [C:\Rayssoftware\DevOp\apache-tomcat-11.0.24\webapps\examples]
03-Sep-2026 12:48:32.421 INFO [main] org.apache.catalina.startup.HostConfig.deployDirectory Deployment of web application directory [C:\Rayssoftware\DevOp\apache-tomcat-11.0.24\webapps\examples] has finished in [715] ms
03-Sep-2026 12:48:32.422 INFO [main] org.apache.catalina.startup.HostConfig.deployDirectory Deploying web application directory [C:\Rayssoftware\DevOp\apache-tomcat-11.0.24\webapps\host-manager]
03-Sep-2026 12:48:32.503 INFO [main] org.apache.catalina.startup.HostConfig.deployDirectory Deployment of web application directory [C:\Rayssoftware\DevOp\apache-tomcat-11.0.24\webapps\host-manager] has finished in [82] ms
03-Sep-2026 12:48:32.505 INFO [main] org.apache.catalina.startup.HostConfig.deployDirectory Deploying web application directory [C:\Rayssoftware\DevOp\apache-tomcat-11.0.24\webapps\manager]
03-Sep-2026 12:48:32.572 INFO [main] org.apache.catalina.startup.HostConfig.deployDirectory Deployment of web application directory [C:\Rayssoftware\DevOp\apache-tomcat-11.0.24\webapps\manager] has finished in [68] ms
03-Sep-2026 12:48:32.573 INFO [main] org.apache.catalina.startup.HostConfig.deployDirectory Deploying web application directory [C:\Rayssoftware\DevOp\apache-tomcat-11.0.24\webapps\ROOT]
03-Sep-2026 12:48:32.633 INFO [main] org.apache.catalina.startup.HostConfig.deployDirectory Deployment of web application directory [C:\Rayssoftware\DevOp\apache-tomcat-11.0.24\webapps\ROOT] has finished in [60] ms
03-Sep-2026 12:48:32.647 INFO [main] org.apache.catalina.startup.Catalina.start Server startup in [1666] milliseconds
03-Sep-2026 12:48:32.664 SEVERE [main] org.apache.catalina.core.StandardServer.await Failed to create server shutdown socket on address [localhost] and port [8005] (base port [8005] and offset [0])
	java.net.BindException: Address already in use: bind
		at java.base/sun.nio.ch.Net.bind0(Native Method)
		at java.base/sun.nio.ch.Net.bind(Net.java:573)
		at java.base/sun.nio.ch.Net.bind(Net.java:562)
		at java.base/sun.nio.ch.NioSocketImpl.bind(NioSocketImpl.java:636)
		at java.base/java.net.ServerSocket.bind(ServerSocket.java:391)
		at java.base/java.net.ServerSocket.<init>(ServerSocket.java:278)
		at org.apache.catalina.core.StandardServer.await(StandardServer.java:535)
		at org.apache.catalina.startup.Catalina.await(Catalina.java:973)
		at org.apache.catalina.startup.Catalina.start(Catalina.java:921)
		at java.base/jdk.internal.reflect.DirectMethodHandleAccessor.invoke(DirectMethodHandleAccessor.java:103)
		at java.base/java.lang.reflect.Method.invoke(Method.java:580)
		at org.apache.catalina.startup.Bootstrap.start(Bootstrap.java:345)
		at org.apache.catalina.startup.Bootstrap.main(Bootstrap.java:482)
03-Sep-2026 12:48:32.671 INFO [main] org.apache.coyote.AbstractProtocol.pause Pausing ProtocolHandler ["http-nio-8080"]
03-Sep-2026 12:48:32.673 INFO [main] org.apache.catalina.core.StandardService.stopInternal Stopping service [Catalina]
03-Sep-2026 12:48:32.715 INFO [main] org.apache.coyote.AbstractProtocol.stop Stopping ProtocolHandler ["http-nio-8080"]
03-Sep-2026 12:48:32.719 INFO [main] org.apache.coyote.AbstractProtocol.destroy Destroying ProtocolHandler ["http-nio-8080"]
03-Sep-2026 12:52:39.153 INFO [main] org.apache.catalina.startup.VersionLoggerListener.log Server version name:   Apache Tomcat/11.0.24
03-Sep-2026 12:52:39.167 INFO [main] org.apache.catalina.startup.VersionLoggerListener.log Server built:          Jul 3 2026 07:01:34 UTC
03-Sep-2026 12:52:39.167 INFO [main] org.apache.catalina.startup.VersionLoggerListener.log Server version number: 11.0.24.0
03-Sep-2026 12:52:39.168 INFO [main] org.apache.catalina.startup.VersionLoggerListener.log OS Name:               Windows 10
03-Sep-2026 12:52:39.168 INFO [main] org.apache.catalina.startup.VersionLoggerListener.log OS Version:            10.0
03-Sep-2026 12:52:39.169 INFO [main] org.apache.catalina.startup.VersionLoggerListener.log Architecture:          amd64
03-Sep-2026 12:52:39.169 INFO [main] org.apache.catalina.startup.VersionLoggerListener.log Java Home:             C:\Program Files\Java\jdk-21.0.11
03-Sep-2026 12:52:39.170 INFO [main] org.apache.catalina.startup.VersionLoggerListener.log JVM Version:           21.0.11+9-LTS-211
03-Sep-2026 12:52:39.171 INFO [main] org.apache.catalina.startup.VersionLoggerListener.log JVM Vendor:            Oracle Corporation
03-Sep-2026 12:52:39.171 INFO [main] org.apache.catalina.startup.VersionLoggerListener.log CATALINA_BASE:         C:\Rayssoftware\DevOp\apache-tomcat-11.0.24
03-Sep-2026 12:52:39.172 INFO [main] org.apache.catalina.startup.VersionLoggerListener.log CATALINA_HOME:         C:\Rayssoftware\DevOp\apache-tomcat-11.0.24
03-Sep-2026 12:52:39.185 INFO [main] org.apache.catalina.startup.VersionLoggerListener.log Command line argument: -Djava.util.logging.config.file=C:\Rayssoftware\DevOp\apache-tomcat-11.0.24\conf\logging.properties
03-Sep-2026 12:52:39.186 INFO [main] org.apache.catalina.startup.VersionLoggerListener.log Command line argument: -Djava.util.logging.manager=org.apache.juli.ClassLoaderLogManager
03-Sep-2026 12:52:39.189 INFO [main] org.apache.catalina.startup.VersionLoggerListener.log Command line argument: -Djdk.tls.ephemeralDHKeySize=2048
03-Sep-2026 12:52:39.189 INFO [main] org.apache.catalina.startup.VersionLoggerListener.log Command line argument: --add-opens=java.base/java.lang=ALL-UNNAMED
03-Sep-2026 12:52:39.189 INFO [main] org.apache.catalina.startup.VersionLoggerListener.log Command line argument: --add-opens=java.base/java.lang.reflect=ALL-UNNAMED
03-Sep-2026 12:52:39.190 INFO [main] org.apache.catalina.startup.VersionLoggerListener.log Command line argument: --add-opens=java.base/java.io=ALL-UNNAMED
03-Sep-2026 12:52:39.191 INFO [main] org.apache.catalina.startup.VersionLoggerListener.log Command line argument: --add-opens=java.base/java.util=ALL-UNNAMED
03-Sep-2026 12:52:39.191 INFO [main] org.apache.catalina.startup.VersionLoggerListener.log Command line argument: --add-opens=java.base/java.util.concurrent=ALL-UNNAMED
03-Sep-2026 12:52:39.193 INFO [main] org.apache.catalina.startup.VersionLoggerListener.log Command line argument: --add-opens=java.rmi/sun.rmi.transport=ALL-UNNAMED
03-Sep-2026 12:52:39.194 INFO [main] org.apache.catalina.startup.VersionLoggerListener.log Command line argument: --enable-native-access=ALL-UNNAMED
03-Sep-2026 12:52:39.195 INFO [main] org.apache.catalina.startup.VersionLoggerListener.log Command line argument: -Dcatalina.base=C:\Rayssoftware\DevOp\apache-tomcat-11.0.24
03-Sep-2026 12:52:39.196 INFO [main] org.apache.catalina.startup.VersionLoggerListener.log Command line argument: -Dcatalina.home=C:\Rayssoftware\DevOp\apache-tomcat-11.0.24
03-Sep-2026 12:52:39.198 INFO [main] org.apache.catalina.startup.VersionLoggerListener.log Command line argument: -Djava.io.tmpdir=C:\Rayssoftware\DevOp\apache-tomcat-11.0.24\temp
03-Sep-2026 12:52:39.203 INFO [main] org.apache.catalina.core.AprLifecycleListener.lifecycleEvent Loaded Apache Tomcat Native library [2.0.15] using APR version [1.7.6].
03-Sep-2026 12:52:39.217 INFO [main] org.apache.catalina.core.AprLifecycleListener.initializeSSL OpenSSL successfully initialized [OpenSSL 3.5.7 9 Jun 2026]
03-Sep-2026 12:52:39.688 INFO [main] org.apache.coyote.AbstractProtocol.init Initializing ProtocolHandler ["http-nio-8080"]
03-Sep-2026 12:52:39.729 INFO [main] org.apache.catalina.startup.Catalina.load Server initialization in [914] milliseconds
03-Sep-2026 12:52:39.816 INFO [main] org.apache.catalina.core.StandardService.startInternal Starting service [Catalina]
03-Sep-2026 12:52:39.819 INFO [main] org.apache.catalina.core.StandardEngine.startInternal Starting Servlet engine: [Apache Tomcat/11.0.24]
03-Sep-2026 12:52:39.843 INFO [main] org.apache.catalina.startup.HostConfig.deployDirectory Deploying web application directory [C:\Rayssoftware\DevOp\apache-tomcat-11.0.24\webapps\docs]
03-Sep-2026 12:52:40.471 INFO [main] org.apache.catalina.startup.HostConfig.deployDirectory Deployment of web application directory [C:\Rayssoftware\DevOp\apache-tomcat-11.0.24\webapps\docs] has finished in [627] ms
03-Sep-2026 12:52:40.473 INFO [main] org.apache.catalina.startup.HostConfig.deployDirectory Deploying web application directory [C:\Rayssoftware\DevOp\apache-tomcat-11.0.24\webapps\examples]
03-Sep-2026 12:52:41.112 INFO [main] org.apache.catalina.startup.HostConfig.deployDirectory Deployment of web application directory [C:\Rayssoftware\DevOp\apache-tomcat-11.0.24\webapps\examples] has finished in [639] ms
03-Sep-2026 12:52:41.113 INFO [main] org.apache.catalina.startup.HostConfig.deployDirectory Deploying web application directory [C:\Rayssoftware\DevOp\apache-tomcat-11.0.24\webapps\host-manager]
03-Sep-2026 12:52:41.184 INFO [main] org.apache.catalina.startup.HostConfig.deployDirectory Deployment of web application directory [C:\Rayssoftware\DevOp\apache-tomcat-11.0.24\webapps\host-manager] has finished in [70] ms
03-Sep-2026 12:52:41.185 INFO [main] org.apache.catalina.startup.HostConfig.deployDirectory Deploying web application directory [C:\Rayssoftware\DevOp\apache-tomcat-11.0.24\webapps\manager]
03-Sep-2026 12:52:41.243 INFO [main] org.apache.catalina.startup.HostConfig.deployDirectory Deployment of web application directory [C:\Rayssoftware\DevOp\apache-tomcat-11.0.24\webapps\manager] has finished in [59] ms
03-Sep-2026 12:52:41.244 INFO [main] org.apache.catalina.startup.HostConfig.deployDirectory Deploying web application directory [C:\Rayssoftware\DevOp\apache-tomcat-11.0.24\webapps\ROOT]
03-Sep-2026 12:52:41.287 INFO [main] org.apache.catalina.startup.HostConfig.deployDirectory Deployment of web application directory [C:\Rayssoftware\DevOp\apache-tomcat-11.0.24\webapps\ROOT] has finished in [43] ms
03-Sep-2026 12:52:41.294 INFO [main] org.apache.coyote.AbstractProtocol.start Starting ProtocolHandler ["http-nio-8080"]
03-Sep-2026 12:52:41.337 INFO [main] org.apache.catalina.startup.Catalina.start Server startup in [1604] milliseconds
03-Sep-2026 13:23:18.131 INFO [main] org.apache.catalina.core.StandardServer.await A valid shutdown command was received via the shutdown port. Stopping the Server instance.
03-Sep-2026 13:23:18.134 INFO [main] org.apache.coyote.AbstractProtocol.pause Pausing ProtocolHandler ["http-nio-8080"]
03-Sep-2026 13:23:18.142 INFO [main] org.apache.catalina.core.StandardService.stopInternal Stopping service [Catalina]
03-Sep-2026 13:23:18.177 INFO [main] org.apache.coyote.AbstractProtocol.stop Stopping ProtocolHandler ["http-nio-8080"]
03-Sep-2026 13:23:18.191 INFO [main] org.apache.coyote.AbstractProtocol.destroy Destroying ProtocolHandler ["http-nio-8080"]
