06-Aug-2026 13:03:39.402 INFO [main] org.apache.catalina.startup.VersionLoggerListener.log Server version name:   Apache Tomcat/11.0.24
06-Aug-2026 13:03:39.409 INFO [main] org.apache.catalina.startup.VersionLoggerListener.log Server built:          Jul 3 2026 07:01:34 UTC
06-Aug-2026 13:03:39.410 INFO [main] org.apache.catalina.startup.VersionLoggerListener.log Server version number: 11.0.24.0
06-Aug-2026 13:03:39.410 INFO [main] org.apache.catalina.startup.VersionLoggerListener.log OS Name:               Windows 10
06-Aug-2026 13:03:39.410 INFO [main] org.apache.catalina.startup.VersionLoggerListener.log OS Version:            10.0
06-Aug-2026 13:03:39.411 INFO [main] org.apache.catalina.startup.VersionLoggerListener.log Architecture:          amd64
06-Aug-2026 13:03:39.411 INFO [main] org.apache.catalina.startup.VersionLoggerListener.log Java Home:             C:\Program Files\Java\jdk-21.0.11
06-Aug-2026 13:03:39.411 INFO [main] org.apache.catalina.startup.VersionLoggerListener.log JVM Version:           21.0.11+9-LTS-211
06-Aug-2026 13:03:39.412 INFO [main] org.apache.catalina.startup.VersionLoggerListener.log JVM Vendor:            Oracle Corporation
06-Aug-2026 13:03:39.412 INFO [main] org.apache.catalina.startup.VersionLoggerListener.log CATALINA_BASE:         C:\Rayssoftware\DevOp\apache-tomcat-11.0.24
06-Aug-2026 13:03:39.413 INFO [main] org.apache.catalina.startup.VersionLoggerListener.log CATALINA_HOME:         C:\Rayssoftware\DevOp\apache-tomcat-11.0.24
06-Aug-2026 13:03:39.447 INFO [main] org.apache.catalina.startup.VersionLoggerListener.log Command line argument: -Djava.util.logging.config.file=C:\Rayssoftware\DevOp\apache-tomcat-11.0.24\conf\logging.properties
06-Aug-2026 13:03:39.448 INFO [main] org.apache.catalina.startup.VersionLoggerListener.log Command line argument: -Djava.util.logging.manager=org.apache.juli.ClassLoaderLogManager
06-Aug-2026 13:03:39.448 INFO [main] org.apache.catalina.startup.VersionLoggerListener.log Command line argument: -Djdk.tls.ephemeralDHKeySize=2048
06-Aug-2026 13:03:39.449 INFO [main] org.apache.catalina.startup.VersionLoggerListener.log Command line argument: --add-opens=java.base/java.lang=ALL-UNNAMED
06-Aug-2026 13:03:39.449 INFO [main] org.apache.catalina.startup.VersionLoggerListener.log Command line argument: --add-opens=java.base/java.lang.reflect=ALL-UNNAMED
06-Aug-2026 13:03:39.449 INFO [main] org.apache.catalina.startup.VersionLoggerListener.log Command line argument: --add-opens=java.base/java.io=ALL-UNNAMED
06-Aug-2026 13:03:39.451 INFO [main] org.apache.catalina.startup.VersionLoggerListener.log Command line argument: --add-opens=java.base/java.util=ALL-UNNAMED
06-Aug-2026 13:03:39.451 INFO [main] org.apache.catalina.startup.VersionLoggerListener.log Command line argument: --add-opens=java.base/java.util.concurrent=ALL-UNNAMED
06-Aug-2026 13:03:39.452 INFO [main] org.apache.catalina.startup.VersionLoggerListener.log Command line argument: --add-opens=java.rmi/sun.rmi.transport=ALL-UNNAMED
06-Aug-2026 13:03:39.453 INFO [main] org.apache.catalina.startup.VersionLoggerListener.log Command line argument: --enable-native-access=ALL-UNNAMED
06-Aug-2026 13:03:39.453 INFO [main] org.apache.catalina.startup.VersionLoggerListener.log Command line argument: -Dcatalina.base=C:\Rayssoftware\DevOp\apache-tomcat-11.0.24
06-Aug-2026 13:03:39.454 INFO [main] org.apache.catalina.startup.VersionLoggerListener.log Command line argument: -Dcatalina.home=C:\Rayssoftware\DevOp\apache-tomcat-11.0.24
06-Aug-2026 13:03:39.455 INFO [main] org.apache.catalina.startup.VersionLoggerListener.log Command line argument: -Djava.io.tmpdir=C:\Rayssoftware\DevOp\apache-tomcat-11.0.24\temp
06-Aug-2026 13:03:39.493 INFO [main] org.apache.catalina.core.AprLifecycleListener.lifecycleEvent Loaded Apache Tomcat Native library [2.0.15] using APR version [1.7.6].
06-Aug-2026 13:03:39.503 INFO [main] org.apache.catalina.core.AprLifecycleListener.initializeSSL OpenSSL successfully initialized [OpenSSL 3.5.7 9 Jun 2026]
06-Aug-2026 13:03:39.951 INFO [main] org.apache.coyote.AbstractProtocol.init Initializing ProtocolHandler ["http-nio-8080"]
06-Aug-2026 13:03:39.991 INFO [main] org.apache.catalina.startup.Catalina.load Server initialization in [875] milliseconds
06-Aug-2026 13:03:40.073 INFO [main] org.apache.catalina.core.StandardService.startInternal Starting service [Catalina]
06-Aug-2026 13:03:40.075 INFO [main] org.apache.catalina.core.StandardEngine.startInternal Starting Servlet engine: [Apache Tomcat/11.0.24]
06-Aug-2026 13:03:40.104 INFO [main] org.apache.catalina.startup.HostConfig.deployDirectory Deploying web application directory [C:\Rayssoftware\DevOp\apache-tomcat-11.0.24\webapps\docs]
06-Aug-2026 13:03:40.626 INFO [main] org.apache.catalina.startup.HostConfig.deployDirectory Deployment of web application directory [C:\Rayssoftware\DevOp\apache-tomcat-11.0.24\webapps\docs] has finished in [522] ms
06-Aug-2026 13:03:40.628 INFO [main] org.apache.catalina.startup.HostConfig.deployDirectory Deploying web application directory [C:\Rayssoftware\DevOp\apache-tomcat-11.0.24\webapps\examples]
06-Aug-2026 13:03:41.629 INFO [main] org.apache.catalina.startup.HostConfig.deployDirectory Deployment of web application directory [C:\Rayssoftware\DevOp\apache-tomcat-11.0.24\webapps\examples] has finished in [1,001] ms
06-Aug-2026 13:03:41.630 INFO [main] org.apache.catalina.startup.HostConfig.deployDirectory Deploying web application directory [C:\Rayssoftware\DevOp\apache-tomcat-11.0.24\webapps\host-manager]
06-Aug-2026 13:03:41.694 INFO [main] org.apache.catalina.startup.HostConfig.deployDirectory Deployment of web application directory [C:\Rayssoftware\DevOp\apache-tomcat-11.0.24\webapps\host-manager] has finished in [64] ms
06-Aug-2026 13:03:41.695 INFO [main] org.apache.catalina.startup.HostConfig.deployDirectory Deploying web application directory [C:\Rayssoftware\DevOp\apache-tomcat-11.0.24\webapps\manager]
06-Aug-2026 13:03:41.755 INFO [main] org.apache.catalina.startup.HostConfig.deployDirectory Deployment of web application directory [C:\Rayssoftware\DevOp\apache-tomcat-11.0.24\webapps\manager] has finished in [60] ms
06-Aug-2026 13:03:41.755 INFO [main] org.apache.catalina.startup.HostConfig.deployDirectory Deploying web application directory [C:\Rayssoftware\DevOp\apache-tomcat-11.0.24\webapps\ROOT]
06-Aug-2026 13:03:41.840 INFO [main] org.apache.catalina.startup.HostConfig.deployDirectory Deployment of web application directory [C:\Rayssoftware\DevOp\apache-tomcat-11.0.24\webapps\ROOT] has finished in [84] ms
06-Aug-2026 13:03:41.847 INFO [main] org.apache.coyote.AbstractProtocol.start Starting ProtocolHandler ["http-nio-8080"]
06-Aug-2026 13:03:41.891 INFO [main] org.apache.catalina.startup.Catalina.start Server startup in [1894] milliseconds
06-Aug-2026 15:49:23.652 INFO [Thread-1] org.apache.coyote.AbstractProtocol.pause Pausing ProtocolHandler ["http-nio-8080"]
06-Aug-2026 15:49:23.682 INFO [Thread-1] org.apache.catalina.core.StandardService.stopInternal Stopping service [Catalina]
06-Aug-2026 15:49:23.743 INFO [Thread-1] org.apache.coyote.AbstractProtocol.stop Stopping ProtocolHandler ["http-nio-8080"]
06-Aug-2026 15:49:23.754 INFO [Thread-1] org.apache.coyote.AbstractProtocol.destroy Destroying ProtocolHandler ["http-nio-8080"]
