19-Aug-2026 11:02:03.724 INFO [main] org.apache.catalina.startup.VersionLoggerListener.log Server version name:   Apache Tomcat/9.0.120
19-Aug-2026 11:02:03.731 INFO [main] org.apache.catalina.startup.VersionLoggerListener.log Server built:          Jul 3 2026 07:49:53 UTC
19-Aug-2026 11:02:03.732 INFO [main] org.apache.catalina.startup.VersionLoggerListener.log Server version number: 9.0.120.0
19-Aug-2026 11:02:03.732 INFO [main] org.apache.catalina.startup.VersionLoggerListener.log OS Name:               Windows 10
19-Aug-2026 11:02:03.733 INFO [main] org.apache.catalina.startup.VersionLoggerListener.log OS Version:            10.0
19-Aug-2026 11:02:03.733 INFO [main] org.apache.catalina.startup.VersionLoggerListener.log Architecture:          amd64
19-Aug-2026 11:02:03.733 INFO [main] org.apache.catalina.startup.VersionLoggerListener.log Java Home:             C:\Program Files\Java\jdk-21.0.11
19-Aug-2026 11:02:03.734 INFO [main] org.apache.catalina.startup.VersionLoggerListener.log JVM Version:           21.0.11+9-LTS-211
19-Aug-2026 11:02:03.734 INFO [main] org.apache.catalina.startup.VersionLoggerListener.log JVM Vendor:            Oracle Corporation
19-Aug-2026 11:02:03.734 INFO [main] org.apache.catalina.startup.VersionLoggerListener.log CATALINA_BASE:         C:\Rayssoftware\DevOp\apache-tomcat-9.0.120
19-Aug-2026 11:02:03.735 INFO [main] org.apache.catalina.startup.VersionLoggerListener.log CATALINA_HOME:         C:\Rayssoftware\DevOp\apache-tomcat-9.0.120
19-Aug-2026 11:02:03.766 INFO [main] org.apache.catalina.startup.VersionLoggerListener.log Command line argument: --add-opens=java.base/java.lang=ALL-UNNAMED
19-Aug-2026 11:02:03.767 INFO [main] org.apache.catalina.startup.VersionLoggerListener.log Command line argument: --add-opens=java.base/java.lang.invoke=ALL-UNNAMED
19-Aug-2026 11:02:03.768 INFO [main] org.apache.catalina.startup.VersionLoggerListener.log Command line argument: --add-opens=java.base/java.lang.reflect=ALL-UNNAMED
19-Aug-2026 11:02:03.769 INFO [main] org.apache.catalina.startup.VersionLoggerListener.log Command line argument: --add-opens=java.base/java.io=ALL-UNNAMED
19-Aug-2026 11:02:03.770 INFO [main] org.apache.catalina.startup.VersionLoggerListener.log Command line argument: --add-opens=java.base/java.util=ALL-UNNAMED
19-Aug-2026 11:02:03.771 INFO [main] org.apache.catalina.startup.VersionLoggerListener.log Command line argument: --add-opens=java.base/java.util.concurrent=ALL-UNNAMED
19-Aug-2026 11:02:03.773 INFO [main] org.apache.catalina.startup.VersionLoggerListener.log Command line argument: --add-opens=java.rmi/sun.rmi.transport=ALL-UNNAMED
19-Aug-2026 11:02:03.773 INFO [main] org.apache.catalina.startup.VersionLoggerListener.log Command line argument: -Djava.util.logging.config.file=C:\Rayssoftware\DevOp\apache-tomcat-9.0.120\conf\logging.properties
19-Aug-2026 11:02:03.774 INFO [main] org.apache.catalina.startup.VersionLoggerListener.log Command line argument: -Djava.util.logging.manager=org.apache.juli.ClassLoaderLogManager
19-Aug-2026 11:02:03.776 INFO [main] org.apache.catalina.startup.VersionLoggerListener.log Command line argument: -Djdk.tls.ephemeralDHKeySize=2048
19-Aug-2026 11:02:03.776 INFO [main] org.apache.catalina.startup.VersionLoggerListener.log Command line argument: -Djava.protocol.handler.pkgs=org.apache.catalina.webresources
19-Aug-2026 11:02:03.777 INFO [main] org.apache.catalina.startup.VersionLoggerListener.log Command line argument: -Dsun.io.useCanonCaches=false
19-Aug-2026 11:02:03.778 INFO [main] org.apache.catalina.startup.VersionLoggerListener.log Command line argument: -Dignore.endorsed.dirs=
19-Aug-2026 11:02:03.778 INFO [main] org.apache.catalina.startup.VersionLoggerListener.log Command line argument: -Dcatalina.base=C:\Rayssoftware\DevOp\apache-tomcat-9.0.120
19-Aug-2026 11:02:03.779 INFO [main] org.apache.catalina.startup.VersionLoggerListener.log Command line argument: -Dcatalina.home=C:\Rayssoftware\DevOp\apache-tomcat-9.0.120
19-Aug-2026 11:02:03.783 INFO [main] org.apache.catalina.startup.VersionLoggerListener.log Command line argument: -Djava.io.tmpdir=C:\Rayssoftware\DevOp\apache-tomcat-9.0.120\temp
19-Aug-2026 11:02:03.795 WARNING [main] org.apache.catalina.core.AprLifecycleListener.init The Apache Tomcat Native library failed to load. The error reported was [C:\Rayssoftware\DevOp\apache-tomcat-9.0.120\bin\tcnative-1.dll: Can't load IA 32-bit .dll on a AMD 64-bit platform]
	java.lang.UnsatisfiedLinkError: C:\Rayssoftware\DevOp\apache-tomcat-9.0.120\bin\tcnative-1.dll: Can't load IA 32-bit .dll on a AMD 64-bit platform
		at java.base/jdk.internal.loader.NativeLibraries.load(Native Method)
		at java.base/jdk.internal.loader.NativeLibraries$NativeLibraryImpl.open(NativeLibraries.java:331)
		at java.base/jdk.internal.loader.NativeLibraries.loadLibrary(NativeLibraries.java:197)
		at java.base/jdk.internal.loader.NativeLibraries.loadLibrary(NativeLibraries.java:139)
		at java.base/java.lang.ClassLoader.loadLibrary(ClassLoader.java:2418)
		at java.base/java.lang.Runtime.load0(Runtime.java:852)
		at java.base/java.lang.System.load(System.java:2026)
		at org.apache.tomcat.jni.Library.<init>(Library.java:52)
		at org.apache.tomcat.jni.Library.initialize(Library.java:296)
		at org.apache.catalina.core.AprLifecycleListener.init(AprLifecycleListener.java:312)
		at org.apache.catalina.core.AprLifecycleListener.lifecycleEvent(AprLifecycleListener.java:244)
		at org.apache.catalina.util.LifecycleBase.fireLifecycleEvent(LifecycleBase.java:115)
		at org.apache.catalina.util.LifecycleBase.setStateInternal(LifecycleBase.java:395)
		at org.apache.catalina.util.LifecycleBase.init(LifecycleBase.java:127)
		at org.apache.catalina.startup.Catalina.load(Catalina.java:810)
		at org.apache.catalina.startup.Catalina.load(Catalina.java:835)
		at java.base/jdk.internal.reflect.DirectMethodHandleAccessor.invoke(DirectMethodHandleAccessor.java:103)
		at java.base/java.lang.reflect.Method.invoke(Method.java:580)
		at org.apache.catalina.startup.Bootstrap.load(Bootstrap.java:305)
		at org.apache.catalina.startup.Bootstrap.main(Bootstrap.java:484)
19-Aug-2026 11:02:04.572 INFO [main] org.apache.coyote.AbstractProtocol.init Initializing ProtocolHandler ["http-nio-8080"]
19-Aug-2026 11:02:04.619 INFO [main] org.apache.catalina.startup.Catalina.load Server initialization in [1374] milliseconds
19-Aug-2026 11:02:04.715 INFO [main] org.apache.catalina.core.StandardService.startInternal Starting service [Catalina]
19-Aug-2026 11:02:04.715 INFO [main] org.apache.catalina.core.StandardEngine.startInternal Starting Servlet engine: [Apache Tomcat/9.0.120]
19-Aug-2026 11:02:04.734 INFO [main] org.apache.catalina.startup.HostConfig.deployDirectory Deploying web application directory [C:\Rayssoftware\DevOp\apache-tomcat-9.0.120\webapps\docs]
19-Aug-2026 11:02:05.276 INFO [main] org.apache.catalina.startup.HostConfig.deployDirectory Deployment of web application directory [C:\Rayssoftware\DevOp\apache-tomcat-9.0.120\webapps\docs] has finished in [540] ms
19-Aug-2026 11:02:05.277 INFO [main] org.apache.catalina.startup.HostConfig.deployDirectory Deploying web application directory [C:\Rayssoftware\DevOp\apache-tomcat-9.0.120\webapps\examples]
19-Aug-2026 11:02:06.070 INFO [main] org.apache.catalina.startup.HostConfig.deployDirectory Deployment of web application directory [C:\Rayssoftware\DevOp\apache-tomcat-9.0.120\webapps\examples] has finished in [793] ms
19-Aug-2026 11:02:06.072 INFO [main] org.apache.catalina.startup.HostConfig.deployDirectory Deploying web application directory [C:\Rayssoftware\DevOp\apache-tomcat-9.0.120\webapps\host-manager]
19-Aug-2026 11:02:06.140 INFO [main] org.apache.catalina.startup.HostConfig.deployDirectory Deployment of web application directory [C:\Rayssoftware\DevOp\apache-tomcat-9.0.120\webapps\host-manager] has finished in [67] ms
19-Aug-2026 11:02:06.140 INFO [main] org.apache.catalina.startup.HostConfig.deployDirectory Deploying web application directory [C:\Rayssoftware\DevOp\apache-tomcat-9.0.120\webapps\manager]
19-Aug-2026 11:02:06.213 INFO [main] org.apache.catalina.startup.HostConfig.deployDirectory Deployment of web application directory [C:\Rayssoftware\DevOp\apache-tomcat-9.0.120\webapps\manager] has finished in [72] ms
19-Aug-2026 11:02:06.215 INFO [main] org.apache.catalina.startup.HostConfig.deployDirectory Deploying web application directory [C:\Rayssoftware\DevOp\apache-tomcat-9.0.120\webapps\ROOT]
19-Aug-2026 11:02:06.288 INFO [main] org.apache.catalina.startup.HostConfig.deployDirectory Deployment of web application directory [C:\Rayssoftware\DevOp\apache-tomcat-9.0.120\webapps\ROOT] has finished in [74] ms
19-Aug-2026 11:02:06.298 INFO [main] org.apache.coyote.AbstractProtocol.start Starting ProtocolHandler ["http-nio-8080"]
19-Aug-2026 11:02:06.359 INFO [main] org.apache.catalina.startup.Catalina.start Server startup in [1734] milliseconds
19-Aug-2026 11:04:55.110 INFO [main] org.apache.catalina.core.StandardServer.await A valid shutdown command was received via the shutdown port. Stopping the Server instance.
19-Aug-2026 11:04:55.111 INFO [main] org.apache.coyote.AbstractProtocol.pause Pausing ProtocolHandler ["http-nio-8080"]
19-Aug-2026 11:04:55.122 INFO [main] org.apache.catalina.core.StandardService.stopInternal Stopping service [Catalina]
19-Aug-2026 11:04:55.182 INFO [main] org.apache.coyote.AbstractProtocol.stop Stopping ProtocolHandler ["http-nio-8080"]
19-Aug-2026 11:04:55.204 INFO [main] org.apache.coyote.AbstractProtocol.destroy Destroying ProtocolHandler ["http-nio-8080"]
19-Aug-2026 11:13:18.018 INFO [main] org.apache.catalina.startup.VersionLoggerListener.log Server version name:   Apache Tomcat/9.0.120
19-Aug-2026 11:13:18.023 INFO [main] org.apache.catalina.startup.VersionLoggerListener.log Server built:          Jul 3 2026 07:49:53 UTC
19-Aug-2026 11:13:18.025 INFO [main] org.apache.catalina.startup.VersionLoggerListener.log Server version number: 9.0.120.0
19-Aug-2026 11:13:18.025 INFO [main] org.apache.catalina.startup.VersionLoggerListener.log OS Name:               Windows 10
19-Aug-2026 11:13:18.025 INFO [main] org.apache.catalina.startup.VersionLoggerListener.log OS Version:            10.0
19-Aug-2026 11:13:18.025 INFO [main] org.apache.catalina.startup.VersionLoggerListener.log Architecture:          amd64
19-Aug-2026 11:13:18.025 INFO [main] org.apache.catalina.startup.VersionLoggerListener.log Java Home:             C:\Program Files\Java\jdk-21.0.11
19-Aug-2026 11:13:18.025 INFO [main] org.apache.catalina.startup.VersionLoggerListener.log JVM Version:           21.0.11+9-LTS-211
19-Aug-2026 11:13:18.026 INFO [main] org.apache.catalina.startup.VersionLoggerListener.log JVM Vendor:            Oracle Corporation
19-Aug-2026 11:13:18.026 INFO [main] org.apache.catalina.startup.VersionLoggerListener.log CATALINA_BASE:         C:\Rayssoftware\DevOp\apache-tomcat-9.0.120
19-Aug-2026 11:13:18.026 INFO [main] org.apache.catalina.startup.VersionLoggerListener.log CATALINA_HOME:         C:\Rayssoftware\DevOp\apache-tomcat-9.0.120
19-Aug-2026 11:13:18.036 INFO [main] org.apache.catalina.startup.VersionLoggerListener.log Command line argument: --add-opens=java.base/java.lang=ALL-UNNAMED
19-Aug-2026 11:13:18.041 INFO [main] org.apache.catalina.startup.VersionLoggerListener.log Command line argument: --add-opens=java.base/java.lang.invoke=ALL-UNNAMED
19-Aug-2026 11:13:18.041 INFO [main] org.apache.catalina.startup.VersionLoggerListener.log Command line argument: --add-opens=java.base/java.lang.reflect=ALL-UNNAMED
19-Aug-2026 11:13:18.041 INFO [main] org.apache.catalina.startup.VersionLoggerListener.log Command line argument: --add-opens=java.base/java.io=ALL-UNNAMED
19-Aug-2026 11:13:18.042 INFO [main] org.apache.catalina.startup.VersionLoggerListener.log Command line argument: --add-opens=java.base/java.util=ALL-UNNAMED
19-Aug-2026 11:13:18.042 INFO [main] org.apache.catalina.startup.VersionLoggerListener.log Command line argument: --add-opens=java.base/java.util.concurrent=ALL-UNNAMED
19-Aug-2026 11:13:18.043 INFO [main] org.apache.catalina.startup.VersionLoggerListener.log Command line argument: --add-opens=java.rmi/sun.rmi.transport=ALL-UNNAMED
19-Aug-2026 11:13:18.044 INFO [main] org.apache.catalina.startup.VersionLoggerListener.log Command line argument: -Djava.util.logging.config.file=C:\Rayssoftware\DevOp\apache-tomcat-9.0.120\conf\logging.properties
19-Aug-2026 11:13:18.046 INFO [main] org.apache.catalina.startup.VersionLoggerListener.log Command line argument: -Djava.util.logging.manager=org.apache.juli.ClassLoaderLogManager
19-Aug-2026 11:13:18.047 INFO [main] org.apache.catalina.startup.VersionLoggerListener.log Command line argument: -Djdk.tls.ephemeralDHKeySize=2048
19-Aug-2026 11:13:18.048 INFO [main] org.apache.catalina.startup.VersionLoggerListener.log Command line argument: -Djava.protocol.handler.pkgs=org.apache.catalina.webresources
19-Aug-2026 11:13:18.048 INFO [main] org.apache.catalina.startup.VersionLoggerListener.log Command line argument: -Dsun.io.useCanonCaches=false
19-Aug-2026 11:13:18.050 INFO [main] org.apache.catalina.startup.VersionLoggerListener.log Command line argument: -Dignore.endorsed.dirs=
19-Aug-2026 11:13:18.050 INFO [main] org.apache.catalina.startup.VersionLoggerListener.log Command line argument: -Dcatalina.base=C:\Rayssoftware\DevOp\apache-tomcat-9.0.120
19-Aug-2026 11:13:18.050 INFO [main] org.apache.catalina.startup.VersionLoggerListener.log Command line argument: -Dcatalina.home=C:\Rayssoftware\DevOp\apache-tomcat-9.0.120
19-Aug-2026 11:13:18.051 INFO [main] org.apache.catalina.startup.VersionLoggerListener.log Command line argument: -Djava.io.tmpdir=C:\Rayssoftware\DevOp\apache-tomcat-9.0.120\temp
19-Aug-2026 11:13:18.058 WARNING [main] org.apache.catalina.core.AprLifecycleListener.init The Apache Tomcat Native library failed to load. The error reported was [C:\Rayssoftware\DevOp\apache-tomcat-9.0.120\bin\tcnative-1.dll: Can't load IA 32-bit .dll on a AMD 64-bit platform]
	java.lang.UnsatisfiedLinkError: C:\Rayssoftware\DevOp\apache-tomcat-9.0.120\bin\tcnative-1.dll: Can't load IA 32-bit .dll on a AMD 64-bit platform
		at java.base/jdk.internal.loader.NativeLibraries.load(Native Method)
		at java.base/jdk.internal.loader.NativeLibraries$NativeLibraryImpl.open(NativeLibraries.java:331)
		at java.base/jdk.internal.loader.NativeLibraries.loadLibrary(NativeLibraries.java:197)
		at java.base/jdk.internal.loader.NativeLibraries.loadLibrary(NativeLibraries.java:139)
		at java.base/java.lang.ClassLoader.loadLibrary(ClassLoader.java:2418)
		at java.base/java.lang.Runtime.load0(Runtime.java:852)
		at java.base/java.lang.System.load(System.java:2026)
		at org.apache.tomcat.jni.Library.<init>(Library.java:52)
		at org.apache.tomcat.jni.Library.initialize(Library.java:296)
		at org.apache.catalina.core.AprLifecycleListener.init(AprLifecycleListener.java:312)
		at org.apache.catalina.core.AprLifecycleListener.lifecycleEvent(AprLifecycleListener.java:244)
		at org.apache.catalina.util.LifecycleBase.fireLifecycleEvent(LifecycleBase.java:115)
		at org.apache.catalina.util.LifecycleBase.setStateInternal(LifecycleBase.java:395)
		at org.apache.catalina.util.LifecycleBase.init(LifecycleBase.java:127)
		at org.apache.catalina.startup.Catalina.load(Catalina.java:810)
		at org.apache.catalina.startup.Catalina.load(Catalina.java:835)
		at java.base/jdk.internal.reflect.DirectMethodHandleAccessor.invoke(DirectMethodHandleAccessor.java:103)
		at java.base/java.lang.reflect.Method.invoke(Method.java:580)
		at org.apache.catalina.startup.Bootstrap.load(Bootstrap.java:305)
		at org.apache.catalina.startup.Bootstrap.main(Bootstrap.java:484)
19-Aug-2026 11:13:18.701 INFO [main] org.apache.coyote.AbstractProtocol.init Initializing ProtocolHandler ["http-nio-8080"]
19-Aug-2026 11:13:18.753 INFO [main] org.apache.catalina.startup.Catalina.load Server initialization in [1050] milliseconds
19-Aug-2026 11:13:18.847 INFO [main] org.apache.catalina.core.StandardService.startInternal Starting service [Catalina]
19-Aug-2026 11:13:18.847 INFO [main] org.apache.catalina.core.StandardEngine.startInternal Starting Servlet engine: [Apache Tomcat/9.0.120]
19-Aug-2026 11:13:18.867 INFO [main] org.apache.catalina.startup.HostConfig.deployDirectory Deploying web application directory [C:\Rayssoftware\DevOp\apache-tomcat-9.0.120\webapps\docs]
19-Aug-2026 11:13:19.411 INFO [main] org.apache.catalina.startup.HostConfig.deployDirectory Deployment of web application directory [C:\Rayssoftware\DevOp\apache-tomcat-9.0.120\webapps\docs] has finished in [543] ms
19-Aug-2026 11:13:19.413 INFO [main] org.apache.catalina.startup.HostConfig.deployDirectory Deploying web application directory [C:\Rayssoftware\DevOp\apache-tomcat-9.0.120\webapps\examples]
19-Aug-2026 11:13:20.253 INFO [main] org.apache.catalina.startup.HostConfig.deployDirectory Deployment of web application directory [C:\Rayssoftware\DevOp\apache-tomcat-9.0.120\webapps\examples] has finished in [840] ms
19-Aug-2026 11:13:20.254 INFO [main] org.apache.catalina.startup.HostConfig.deployDirectory Deploying web application directory [C:\Rayssoftware\DevOp\apache-tomcat-9.0.120\webapps\host-manager]
19-Aug-2026 11:13:20.340 INFO [main] org.apache.catalina.startup.HostConfig.deployDirectory Deployment of web application directory [C:\Rayssoftware\DevOp\apache-tomcat-9.0.120\webapps\host-manager] has finished in [84] ms
19-Aug-2026 11:13:20.340 INFO [main] org.apache.catalina.startup.HostConfig.deployDirectory Deploying web application directory [C:\Rayssoftware\DevOp\apache-tomcat-9.0.120\webapps\manager]
19-Aug-2026 11:13:20.413 INFO [main] org.apache.catalina.startup.HostConfig.deployDirectory Deployment of web application directory [C:\Rayssoftware\DevOp\apache-tomcat-9.0.120\webapps\manager] has finished in [72] ms
19-Aug-2026 11:13:20.414 INFO [main] org.apache.catalina.startup.HostConfig.deployDirectory Deploying web application directory [C:\Rayssoftware\DevOp\apache-tomcat-9.0.120\webapps\ROOT]
19-Aug-2026 11:13:20.474 INFO [main] org.apache.catalina.startup.HostConfig.deployDirectory Deployment of web application directory [C:\Rayssoftware\DevOp\apache-tomcat-9.0.120\webapps\ROOT] has finished in [60] ms
19-Aug-2026 11:13:20.485 INFO [main] org.apache.coyote.AbstractProtocol.start Starting ProtocolHandler ["http-nio-8080"]
19-Aug-2026 11:13:20.546 INFO [main] org.apache.catalina.startup.Catalina.start Server startup in [1787] milliseconds
19-Aug-2026 11:13:53.297 INFO [main] org.apache.catalina.startup.VersionLoggerListener.log Server version name:   Apache Tomcat/9.0.120
19-Aug-2026 11:13:53.304 INFO [main] org.apache.catalina.startup.VersionLoggerListener.log Server built:          Jul 3 2026 07:49:53 UTC
19-Aug-2026 11:13:53.306 INFO [main] org.apache.catalina.startup.VersionLoggerListener.log Server version number: 9.0.120.0
19-Aug-2026 11:13:53.306 INFO [main] org.apache.catalina.startup.VersionLoggerListener.log OS Name:               Windows 10
19-Aug-2026 11:13:53.306 INFO [main] org.apache.catalina.startup.VersionLoggerListener.log OS Version:            10.0
19-Aug-2026 11:13:53.306 INFO [main] org.apache.catalina.startup.VersionLoggerListener.log Architecture:          amd64
19-Aug-2026 11:13:53.307 INFO [main] org.apache.catalina.startup.VersionLoggerListener.log Java Home:             C:\Program Files\Java\jdk-21.0.11
19-Aug-2026 11:13:53.308 INFO [main] org.apache.catalina.startup.VersionLoggerListener.log JVM Version:           21.0.11+9-LTS-211
19-Aug-2026 11:13:53.308 INFO [main] org.apache.catalina.startup.VersionLoggerListener.log JVM Vendor:            Oracle Corporation
19-Aug-2026 11:13:53.308 INFO [main] org.apache.catalina.startup.VersionLoggerListener.log CATALINA_BASE:         C:\Rayssoftware\DevOp\apache-tomcat-9.0.120
19-Aug-2026 11:13:53.308 INFO [main] org.apache.catalina.startup.VersionLoggerListener.log CATALINA_HOME:         C:\Rayssoftware\DevOp\apache-tomcat-9.0.120
19-Aug-2026 11:13:53.321 INFO [main] org.apache.catalina.startup.VersionLoggerListener.log Command line argument: --add-opens=java.base/java.lang=ALL-UNNAMED
19-Aug-2026 11:13:53.321 INFO [main] org.apache.catalina.startup.VersionLoggerListener.log Command line argument: --add-opens=java.base/java.lang.invoke=ALL-UNNAMED
19-Aug-2026 11:13:53.321 INFO [main] org.apache.catalina.startup.VersionLoggerListener.log Command line argument: --add-opens=java.base/java.lang.reflect=ALL-UNNAMED
19-Aug-2026 11:13:53.322 INFO [main] org.apache.catalina.startup.VersionLoggerListener.log Command line argument: --add-opens=java.base/java.io=ALL-UNNAMED
19-Aug-2026 11:13:53.324 INFO [main] org.apache.catalina.startup.VersionLoggerListener.log Command line argument: --add-opens=java.base/java.util=ALL-UNNAMED
19-Aug-2026 11:13:53.324 INFO [main] org.apache.catalina.startup.VersionLoggerListener.log Command line argument: --add-opens=java.base/java.util.concurrent=ALL-UNNAMED
19-Aug-2026 11:13:53.328 INFO [main] org.apache.catalina.startup.VersionLoggerListener.log Command line argument: --add-opens=java.rmi/sun.rmi.transport=ALL-UNNAMED
19-Aug-2026 11:13:53.331 INFO [main] org.apache.catalina.startup.VersionLoggerListener.log Command line argument: -Djava.util.logging.config.file=C:\Rayssoftware\DevOp\apache-tomcat-9.0.120\conf\logging.properties
19-Aug-2026 11:13:53.332 INFO [main] org.apache.catalina.startup.VersionLoggerListener.log Command line argument: -Djava.util.logging.manager=org.apache.juli.ClassLoaderLogManager
19-Aug-2026 11:13:53.332 INFO [main] org.apache.catalina.startup.VersionLoggerListener.log Command line argument: -Djdk.tls.ephemeralDHKeySize=2048
19-Aug-2026 11:13:53.334 INFO [main] org.apache.catalina.startup.VersionLoggerListener.log Command line argument: -Djava.protocol.handler.pkgs=org.apache.catalina.webresources
19-Aug-2026 11:13:53.334 INFO [main] org.apache.catalina.startup.VersionLoggerListener.log Command line argument: -Dsun.io.useCanonCaches=false
19-Aug-2026 11:13:53.334 INFO [main] org.apache.catalina.startup.VersionLoggerListener.log Command line argument: -Dignore.endorsed.dirs=
19-Aug-2026 11:13:53.335 INFO [main] org.apache.catalina.startup.VersionLoggerListener.log Command line argument: -Dcatalina.base=C:\Rayssoftware\DevOp\apache-tomcat-9.0.120
19-Aug-2026 11:13:53.336 INFO [main] org.apache.catalina.startup.VersionLoggerListener.log Command line argument: -Dcatalina.home=C:\Rayssoftware\DevOp\apache-tomcat-9.0.120
19-Aug-2026 11:13:53.339 INFO [main] org.apache.catalina.startup.VersionLoggerListener.log Command line argument: -Djava.io.tmpdir=C:\Rayssoftware\DevOp\apache-tomcat-9.0.120\temp
19-Aug-2026 11:13:53.343 WARNING [main] org.apache.catalina.core.AprLifecycleListener.init The Apache Tomcat Native library failed to load. The error reported was [C:\Rayssoftware\DevOp\apache-tomcat-9.0.120\bin\tcnative-1.dll: Can't load IA 32-bit .dll on a AMD 64-bit platform]
	java.lang.UnsatisfiedLinkError: C:\Rayssoftware\DevOp\apache-tomcat-9.0.120\bin\tcnative-1.dll: Can't load IA 32-bit .dll on a AMD 64-bit platform
		at java.base/jdk.internal.loader.NativeLibraries.load(Native Method)
		at java.base/jdk.internal.loader.NativeLibraries$NativeLibraryImpl.open(NativeLibraries.java:331)
		at java.base/jdk.internal.loader.NativeLibraries.loadLibrary(NativeLibraries.java:197)
		at java.base/jdk.internal.loader.NativeLibraries.loadLibrary(NativeLibraries.java:139)
		at java.base/java.lang.ClassLoader.loadLibrary(ClassLoader.java:2418)
		at java.base/java.lang.Runtime.load0(Runtime.java:852)
		at java.base/java.lang.System.load(System.java:2026)
		at org.apache.tomcat.jni.Library.<init>(Library.java:52)
		at org.apache.tomcat.jni.Library.initialize(Library.java:296)
		at org.apache.catalina.core.AprLifecycleListener.init(AprLifecycleListener.java:312)
		at org.apache.catalina.core.AprLifecycleListener.lifecycleEvent(AprLifecycleListener.java:244)
		at org.apache.catalina.util.LifecycleBase.fireLifecycleEvent(LifecycleBase.java:115)
		at org.apache.catalina.util.LifecycleBase.setStateInternal(LifecycleBase.java:395)
		at org.apache.catalina.util.LifecycleBase.init(LifecycleBase.java:127)
		at org.apache.catalina.startup.Catalina.load(Catalina.java:810)
		at org.apache.catalina.startup.Catalina.load(Catalina.java:835)
		at java.base/jdk.internal.reflect.DirectMethodHandleAccessor.invoke(DirectMethodHandleAccessor.java:103)
		at java.base/java.lang.reflect.Method.invoke(Method.java:580)
		at org.apache.catalina.startup.Bootstrap.load(Bootstrap.java:305)
		at org.apache.catalina.startup.Bootstrap.main(Bootstrap.java:484)
19-Aug-2026 11:13:53.872 INFO [main] org.apache.coyote.AbstractProtocol.init Initializing ProtocolHandler ["http-nio-8080"]
19-Aug-2026 11:13:53.895 SEVERE [main] org.apache.catalina.util.LifecycleBase.handleSubClassException Failed to initialize component [Connector["http-nio-8080"]]
	org.apache.catalina.LifecycleException: Protocol handler initialization failed
		at org.apache.catalina.connector.Connector.initInternal(Connector.java:1273)
		at org.apache.catalina.util.LifecycleBase.init(LifecycleBase.java:128)
		at org.apache.catalina.core.StandardService.initInternal(StandardService.java:543)
		at org.apache.catalina.util.LifecycleBase.init(LifecycleBase.java:128)
		at org.apache.catalina.core.StandardServer.initInternal(StandardServer.java:991)
		at org.apache.catalina.util.LifecycleBase.init(LifecycleBase.java:128)
		at org.apache.catalina.startup.Catalina.load(Catalina.java:810)
		at org.apache.catalina.startup.Catalina.load(Catalina.java:835)
		at java.base/jdk.internal.reflect.DirectMethodHandleAccessor.invoke(DirectMethodHandleAccessor.java:103)
		at java.base/java.lang.reflect.Method.invoke(Method.java:580)
		at org.apache.catalina.startup.Bootstrap.load(Bootstrap.java:305)
		at org.apache.catalina.startup.Bootstrap.main(Bootstrap.java:484)
	Caused by: java.net.BindException: Address already in use: bind
		at java.base/sun.nio.ch.Net.bind0(Native Method)
		at java.base/sun.nio.ch.Net.bind(Net.java:573)
		at java.base/sun.nio.ch.ServerSocketChannelImpl.netBind(ServerSocketChannelImpl.java:344)
		at java.base/sun.nio.ch.ServerSocketChannelImpl.bind(ServerSocketChannelImpl.java:301)
		at org.apache.tomcat.util.net.NioEndpoint.initServerSocket(NioEndpoint.java:370)
		at org.apache.tomcat.util.net.NioEndpoint.bind(NioEndpoint.java:320)
		at org.apache.tomcat.util.net.AbstractEndpoint.bindWithCleanup(AbstractEndpoint.java:1987)
		at org.apache.tomcat.util.net.AbstractEndpoint.init(AbstractEndpoint.java:2005)
		at org.apache.coyote.AbstractProtocol.init(AbstractProtocol.java:992)
		at org.apache.coyote.http11.AbstractHttp11Protocol.init(AbstractHttp11Protocol.java:93)
		at org.apache.catalina.connector.Connector.initInternal(Connector.java:1271)
		... 11 more
19-Aug-2026 11:13:53.897 INFO [main] org.apache.catalina.startup.Catalina.load Server initialization in [948] milliseconds
19-Aug-2026 11:13:53.972 INFO [main] org.apache.catalina.core.StandardService.startInternal Starting service [Catalina]
19-Aug-2026 11:13:53.974 INFO [main] org.apache.catalina.core.StandardEngine.startInternal Starting Servlet engine: [Apache Tomcat/9.0.120]
19-Aug-2026 11:13:53.997 INFO [main] org.apache.catalina.startup.HostConfig.deployDirectory Deploying web application directory [C:\Rayssoftware\DevOp\apache-tomcat-9.0.120\webapps\docs]
19-Aug-2026 11:13:54.548 INFO [main] org.apache.catalina.startup.HostConfig.deployDirectory Deployment of web application directory [C:\Rayssoftware\DevOp\apache-tomcat-9.0.120\webapps\docs] has finished in [550] ms
19-Aug-2026 11:13:54.549 INFO [main] org.apache.catalina.startup.HostConfig.deployDirectory Deploying web application directory [C:\Rayssoftware\DevOp\apache-tomcat-9.0.120\webapps\examples]
19-Aug-2026 11:13:55.190 INFO [main] org.apache.catalina.startup.HostConfig.deployDirectory Deployment of web application directory [C:\Rayssoftware\DevOp\apache-tomcat-9.0.120\webapps\examples] has finished in [640] ms
19-Aug-2026 11:13:55.191 INFO [main] org.apache.catalina.startup.HostConfig.deployDirectory Deploying web application directory [C:\Rayssoftware\DevOp\apache-tomcat-9.0.120\webapps\host-manager]
19-Aug-2026 11:13:55.251 INFO [main] org.apache.catalina.startup.HostConfig.deployDirectory Deployment of web application directory [C:\Rayssoftware\DevOp\apache-tomcat-9.0.120\webapps\host-manager] has finished in [59] ms
19-Aug-2026 11:13:55.251 INFO [main] org.apache.catalina.startup.HostConfig.deployDirectory Deploying web application directory [C:\Rayssoftware\DevOp\apache-tomcat-9.0.120\webapps\manager]
19-Aug-2026 11:13:55.310 INFO [main] org.apache.catalina.startup.HostConfig.deployDirectory Deployment of web application directory [C:\Rayssoftware\DevOp\apache-tomcat-9.0.120\webapps\manager] has finished in [58] ms
19-Aug-2026 11:13:55.311 INFO [main] org.apache.catalina.startup.HostConfig.deployDirectory Deploying web application directory [C:\Rayssoftware\DevOp\apache-tomcat-9.0.120\webapps\ROOT]
19-Aug-2026 11:13:55.359 INFO [main] org.apache.catalina.startup.HostConfig.deployDirectory Deployment of web application directory [C:\Rayssoftware\DevOp\apache-tomcat-9.0.120\webapps\ROOT] has finished in [47] ms
19-Aug-2026 11:13:55.366 INFO [main] org.apache.catalina.startup.Catalina.start Server startup in [1466] milliseconds
19-Aug-2026 11:13:55.377 SEVERE [main] org.apache.catalina.core.StandardServer.await Failed to create server shutdown socket on address [localhost] and port [8005] (base port [8005] and offset [0])
	java.net.BindException: Address already in use: bind
		at java.base/sun.nio.ch.Net.bind0(Native Method)
		at java.base/sun.nio.ch.Net.bind(Net.java:573)
		at java.base/sun.nio.ch.Net.bind(Net.java:562)
		at java.base/sun.nio.ch.NioSocketImpl.bind(NioSocketImpl.java:636)
		at java.base/java.net.ServerSocket.bind(ServerSocket.java:391)
		at java.base/java.net.ServerSocket.<init>(ServerSocket.java:278)
		at org.apache.catalina.core.StandardServer.await(StandardServer.java:540)
		at org.apache.catalina.startup.Catalina.await(Catalina.java:951)
		at org.apache.catalina.startup.Catalina.start(Catalina.java:899)
		at java.base/jdk.internal.reflect.DirectMethodHandleAccessor.invoke(DirectMethodHandleAccessor.java:103)
		at java.base/java.lang.reflect.Method.invoke(Method.java:580)
		at org.apache.catalina.startup.Bootstrap.start(Bootstrap.java:348)
		at org.apache.catalina.startup.Bootstrap.main(Bootstrap.java:485)
19-Aug-2026 11:13:55.378 INFO [main] org.apache.coyote.AbstractProtocol.pause Pausing ProtocolHandler ["http-nio-8080"]
19-Aug-2026 11:13:55.379 INFO [main] org.apache.catalina.core.StandardService.stopInternal Stopping service [Catalina]
19-Aug-2026 11:13:55.423 INFO [main] org.apache.coyote.AbstractProtocol.stop Stopping ProtocolHandler ["http-nio-8080"]
19-Aug-2026 11:13:55.427 INFO [main] org.apache.coyote.AbstractProtocol.destroy Destroying ProtocolHandler ["http-nio-8080"]
19-Aug-2026 11:18:02.451 SEVERE [main] org.apache.catalina.startup.Catalina.stopServer Could not contact [localhost:8005] (base port [8005] and offset [0]). Tomcat may not be running.
19-Aug-2026 11:18:28.126 INFO [main] org.apache.catalina.startup.VersionLoggerListener.log Server version name:   Apache Tomcat/9.0.120
19-Aug-2026 11:18:28.133 INFO [main] org.apache.catalina.startup.VersionLoggerListener.log Server built:          Jul 3 2026 07:49:53 UTC
19-Aug-2026 11:18:28.134 INFO [main] org.apache.catalina.startup.VersionLoggerListener.log Server version number: 9.0.120.0
19-Aug-2026 11:18:28.135 INFO [main] org.apache.catalina.startup.VersionLoggerListener.log OS Name:               Windows 10
19-Aug-2026 11:18:28.135 INFO [main] org.apache.catalina.startup.VersionLoggerListener.log OS Version:            10.0
19-Aug-2026 11:18:28.135 INFO [main] org.apache.catalina.startup.VersionLoggerListener.log Architecture:          amd64
19-Aug-2026 11:18:28.135 INFO [main] org.apache.catalina.startup.VersionLoggerListener.log Java Home:             C:\Program Files\Java\jdk-21.0.11
19-Aug-2026 11:18:28.135 INFO [main] org.apache.catalina.startup.VersionLoggerListener.log JVM Version:           21.0.11+9-LTS-211
19-Aug-2026 11:18:28.136 INFO [main] org.apache.catalina.startup.VersionLoggerListener.log JVM Vendor:            Oracle Corporation
19-Aug-2026 11:18:28.136 INFO [main] org.apache.catalina.startup.VersionLoggerListener.log CATALINA_BASE:         C:\Rayssoftware\DevOp\apache-tomcat-9.0.120
19-Aug-2026 11:18:28.137 INFO [main] org.apache.catalina.startup.VersionLoggerListener.log CATALINA_HOME:         C:\Rayssoftware\DevOp\apache-tomcat-9.0.120
19-Aug-2026 11:18:28.151 INFO [main] org.apache.catalina.startup.VersionLoggerListener.log Command line argument: --add-opens=java.base/java.lang=ALL-UNNAMED
19-Aug-2026 11:18:28.151 INFO [main] org.apache.catalina.startup.VersionLoggerListener.log Command line argument: --add-opens=java.base/java.lang.invoke=ALL-UNNAMED
19-Aug-2026 11:18:28.152 INFO [main] org.apache.catalina.startup.VersionLoggerListener.log Command line argument: --add-opens=java.base/java.lang.reflect=ALL-UNNAMED
19-Aug-2026 11:18:28.153 INFO [main] org.apache.catalina.startup.VersionLoggerListener.log Command line argument: --add-opens=java.base/java.io=ALL-UNNAMED
19-Aug-2026 11:18:28.154 INFO [main] org.apache.catalina.startup.VersionLoggerListener.log Command line argument: --add-opens=java.base/java.util=ALL-UNNAMED
19-Aug-2026 11:18:28.155 INFO [main] org.apache.catalina.startup.VersionLoggerListener.log Command line argument: --add-opens=java.base/java.util.concurrent=ALL-UNNAMED
19-Aug-2026 11:18:28.155 INFO [main] org.apache.catalina.startup.VersionLoggerListener.log Command line argument: --add-opens=java.rmi/sun.rmi.transport=ALL-UNNAMED
19-Aug-2026 11:18:28.157 INFO [main] org.apache.catalina.startup.VersionLoggerListener.log Command line argument: -Djava.util.logging.config.file=C:\Rayssoftware\DevOp\apache-tomcat-9.0.120\conf\logging.properties
19-Aug-2026 11:18:28.157 INFO [main] org.apache.catalina.startup.VersionLoggerListener.log Command line argument: -Djava.util.logging.manager=org.apache.juli.ClassLoaderLogManager
19-Aug-2026 11:18:28.158 INFO [main] org.apache.catalina.startup.VersionLoggerListener.log Command line argument: -Djdk.tls.ephemeralDHKeySize=2048
19-Aug-2026 11:18:28.159 INFO [main] org.apache.catalina.startup.VersionLoggerListener.log Command line argument: -Djava.protocol.handler.pkgs=org.apache.catalina.webresources
19-Aug-2026 11:18:28.159 INFO [main] org.apache.catalina.startup.VersionLoggerListener.log Command line argument: -Dsun.io.useCanonCaches=false
19-Aug-2026 11:18:28.160 INFO [main] org.apache.catalina.startup.VersionLoggerListener.log Command line argument: -Dignore.endorsed.dirs=
19-Aug-2026 11:18:28.160 INFO [main] org.apache.catalina.startup.VersionLoggerListener.log Command line argument: -Dcatalina.base=C:\Rayssoftware\DevOp\apache-tomcat-9.0.120
19-Aug-2026 11:18:28.164 INFO [main] org.apache.catalina.startup.VersionLoggerListener.log Command line argument: -Dcatalina.home=C:\Rayssoftware\DevOp\apache-tomcat-9.0.120
19-Aug-2026 11:18:28.165 INFO [main] org.apache.catalina.startup.VersionLoggerListener.log Command line argument: -Djava.io.tmpdir=C:\Rayssoftware\DevOp\apache-tomcat-9.0.120\temp
19-Aug-2026 11:18:28.170 WARNING [main] org.apache.catalina.core.AprLifecycleListener.init The Apache Tomcat Native library failed to load. The error reported was [C:\Rayssoftware\DevOp\apache-tomcat-9.0.120\bin\tcnative-1.dll: Can't load IA 32-bit .dll on a AMD 64-bit platform]
	java.lang.UnsatisfiedLinkError: C:\Rayssoftware\DevOp\apache-tomcat-9.0.120\bin\tcnative-1.dll: Can't load IA 32-bit .dll on a AMD 64-bit platform
		at java.base/jdk.internal.loader.NativeLibraries.load(Native Method)
		at java.base/jdk.internal.loader.NativeLibraries$NativeLibraryImpl.open(NativeLibraries.java:331)
		at java.base/jdk.internal.loader.NativeLibraries.loadLibrary(NativeLibraries.java:197)
		at java.base/jdk.internal.loader.NativeLibraries.loadLibrary(NativeLibraries.java:139)
		at java.base/java.lang.ClassLoader.loadLibrary(ClassLoader.java:2418)
		at java.base/java.lang.Runtime.load0(Runtime.java:852)
		at java.base/java.lang.System.load(System.java:2026)
		at org.apache.tomcat.jni.Library.<init>(Library.java:52)
		at org.apache.tomcat.jni.Library.initialize(Library.java:296)
		at org.apache.catalina.core.AprLifecycleListener.init(AprLifecycleListener.java:312)
		at org.apache.catalina.core.AprLifecycleListener.lifecycleEvent(AprLifecycleListener.java:244)
		at org.apache.catalina.util.LifecycleBase.fireLifecycleEvent(LifecycleBase.java:115)
		at org.apache.catalina.util.LifecycleBase.setStateInternal(LifecycleBase.java:395)
		at org.apache.catalina.util.LifecycleBase.init(LifecycleBase.java:127)
		at org.apache.catalina.startup.Catalina.load(Catalina.java:810)
		at org.apache.catalina.startup.Catalina.load(Catalina.java:835)
		at java.base/jdk.internal.reflect.DirectMethodHandleAccessor.invoke(DirectMethodHandleAccessor.java:103)
		at java.base/java.lang.reflect.Method.invoke(Method.java:580)
		at org.apache.catalina.startup.Bootstrap.load(Bootstrap.java:305)
		at org.apache.catalina.startup.Bootstrap.main(Bootstrap.java:484)
19-Aug-2026 11:18:28.956 INFO [main] org.apache.coyote.AbstractProtocol.init Initializing ProtocolHandler ["http-nio-8080"]
19-Aug-2026 11:18:28.995 INFO [main] org.apache.catalina.startup.Catalina.load Server initialization in [1216] milliseconds
19-Aug-2026 11:18:29.070 INFO [main] org.apache.catalina.core.StandardService.startInternal Starting service [Catalina]
19-Aug-2026 11:18:29.070 INFO [main] org.apache.catalina.core.StandardEngine.startInternal Starting Servlet engine: [Apache Tomcat/9.0.120]
19-Aug-2026 11:18:29.092 INFO [main] org.apache.catalina.startup.HostConfig.deployDirectory Deploying web application directory [C:\Rayssoftware\DevOp\apache-tomcat-9.0.120\webapps\docs]
19-Aug-2026 11:18:29.568 INFO [main] org.apache.catalina.startup.HostConfig.deployDirectory Deployment of web application directory [C:\Rayssoftware\DevOp\apache-tomcat-9.0.120\webapps\docs] has finished in [476] ms
19-Aug-2026 11:18:29.570 INFO [main] org.apache.catalina.startup.HostConfig.deployDirectory Deploying web application directory [C:\Rayssoftware\DevOp\apache-tomcat-9.0.120\webapps\examples]
19-Aug-2026 11:18:30.270 INFO [main] org.apache.catalina.startup.HostConfig.deployDirectory Deployment of web application directory [C:\Rayssoftware\DevOp\apache-tomcat-9.0.120\webapps\examples] has finished in [701] ms
19-Aug-2026 11:18:30.271 INFO [main] org.apache.catalina.startup.HostConfig.deployDirectory Deploying web application directory [C:\Rayssoftware\DevOp\apache-tomcat-9.0.120\webapps\host-manager]
19-Aug-2026 11:18:30.341 INFO [main] org.apache.catalina.startup.HostConfig.deployDirectory Deployment of web application directory [C:\Rayssoftware\DevOp\apache-tomcat-9.0.120\webapps\host-manager] has finished in [70] ms
19-Aug-2026 11:18:30.342 INFO [main] org.apache.catalina.startup.HostConfig.deployDirectory Deploying web application directory [C:\Rayssoftware\DevOp\apache-tomcat-9.0.120\webapps\manager]
19-Aug-2026 11:18:30.407 INFO [main] org.apache.catalina.startup.HostConfig.deployDirectory Deployment of web application directory [C:\Rayssoftware\DevOp\apache-tomcat-9.0.120\webapps\manager] has finished in [65] ms
19-Aug-2026 11:18:30.408 INFO [main] org.apache.catalina.startup.HostConfig.deployDirectory Deploying web application directory [C:\Rayssoftware\DevOp\apache-tomcat-9.0.120\webapps\ROOT]
19-Aug-2026 11:18:30.469 INFO [main] org.apache.catalina.startup.HostConfig.deployDirectory Deployment of web application directory [C:\Rayssoftware\DevOp\apache-tomcat-9.0.120\webapps\ROOT] has finished in [61] ms
19-Aug-2026 11:18:30.481 INFO [main] org.apache.coyote.AbstractProtocol.start Starting ProtocolHandler ["http-nio-8080"]
19-Aug-2026 11:18:30.545 INFO [main] org.apache.catalina.startup.Catalina.start Server startup in [1543] milliseconds
19-Aug-2026 11:19:17.395 INFO [main] org.apache.catalina.core.StandardServer.await A valid shutdown command was received via the shutdown port. Stopping the Server instance.
19-Aug-2026 11:19:17.407 INFO [main] org.apache.coyote.AbstractProtocol.pause Pausing ProtocolHandler ["http-nio-8080"]
19-Aug-2026 11:19:17.419 INFO [main] org.apache.catalina.core.StandardService.stopInternal Stopping service [Catalina]
19-Aug-2026 11:19:17.479 INFO [main] org.apache.coyote.AbstractProtocol.stop Stopping ProtocolHandler ["http-nio-8080"]
19-Aug-2026 11:19:17.581 INFO [main] org.apache.coyote.AbstractProtocol.destroy Destroying ProtocolHandler ["http-nio-8080"]
